================================================================
Krasis Benchmark — 2026-07-31 13:19:57
================================================================
Model:            Ornith-1.0-397B
Architecture:     qwen3_5_moe_text, 60 layers, 512 experts, top-10, 15 GQA + 45 linear
PP Partition:     [60] (1 GPUs)

Hardware:
  CPU:            AMD EPYC 7742 64-Core Processor (64 cores)
  RAM:            995 GB total, 201.8 GB used by process
  GPU 0 (physical 1): NVIDIA RTX PRO 6000 Blackwell Workstation Edition (97887 MB), 6592 MB allocated

Quantization:
  GPU experts:    INT4 (Marlin)
  CPU experts:    INT4
  Attention:      HQQ4
  Shared expert:  INT8
  Dense MLP:      INT8
  LM head:        INT8
  KV cache:       k4v4

Strategy:
  Layer group size: 2 (layer_grouped(2))
  Prefill threshold: 1
  Mode:           gpu_decode (layer_grouped(2))

Prefill (internal) — 6 runs at different lengths:
  Run 1:  185.7 tok/s (1,000 tokens in 5386.0ms)
  Run 2:  770.3 tok/s (5,000 tokens in 6490.8ms)
  Run 3:  1,312.7 tok/s (10,000 tokens in 7617.8ms)
  Run 4:  1,859.7 tok/s (20,000 tokens in 10754.5ms)
  Run 5:  2,251.5 tok/s (35,000 tokens in 15545.1ms)
  Run 6:  2,327.2 tok/s (39,920 tokens in 17153.5ms)
  Best:   2,327.2 tok/s (39,920 tokens)

Decode (internal) — 50/100/250 tokens, 3 separate prompts:
   50 tokens: 23.63 tok/s (42.3ms/tok)
  100 tokens: 21.73 tok/s (46.0ms/tok)
  250 tokens: 20.29 tok/s (49.3ms/tok)
  Best:    23.63 tok/s
  HCS:     13161/30720 experts (42.8%)
  Min free VRAM: 1314 MB

Round trip (network) — 50/100/250 tokens via HTTP:
   50 tokens: 41.84 tok/s (7.80s total)
  100 tokens: 27.63 tok/s (10.33s total)
  250 tokens: 21.91 tok/s (18.22s total)
  Best:    41.84 tok/s
================================================================
