================================================================
Krasis Benchmark — 2026-07-31 10:58:39
================================================================
Model:            Ornith-1.0-397B
Architecture:     qwen3_5_moe_text, 60 layers, 512 experts, top-10, 15 GQA + 45 linear
PP Partition:     [60] (1 GPUs)

Hardware:
  CPU:            AMD EPYC 7742 64-Core Processor (64 cores)
  RAM:            995 GB total, 201.7 GB used by process
  GPU 0 (physical 1): NVIDIA RTX PRO 6000 Blackwell Workstation Edition (97887 MB), 6592 MB allocated

Quantization:
  GPU experts:    INT4 (Marlin)
  CPU experts:    INT4
  Attention:      HQQ4
  Shared expert:  INT8
  Dense MLP:      INT8
  LM head:        INT8
  KV cache:       k4v4

Strategy:
  Layer group size: 2 (layer_grouped(2))
  Prefill threshold: 1
  Mode:           gpu_decode (layer_grouped(2))

Prefill (internal) — 6 runs at different lengths:
  Run 1:  183.2 tok/s (1,000 tokens in 5457.5ms)
  Run 2:  763.2 tok/s (5,000 tokens in 6550.9ms)
  Run 3:  1,315.3 tok/s (10,000 tokens in 7602.9ms)
  Run 4:  1,853.3 tok/s (20,000 tokens in 10791.6ms)
  Run 5:  2,243.4 tok/s (35,000 tokens in 15601.3ms)
  Run 6:  2,321.4 tok/s (39,920 tokens in 17196.4ms)
  Best:   2,321.4 tok/s (39,920 tokens)

Decode (internal) — 50/100/250 tokens, 3 separate prompts:
   50 tokens: 20.85 tok/s (48.0ms/tok)
  100 tokens: 19.63 tok/s (50.9ms/tok)
  250 tokens: 18.49 tok/s (54.1ms/tok)
  Best:    20.85 tok/s
  HCS:     13161/30720 experts (42.8%)
  Min free VRAM: 1294 MB

Round trip (network) — 50/100/250 tokens via HTTP:
   50 tokens: 37.08 tok/s (8.14s total)
  100 tokens: 24.08 tok/s (10.90s total)
  250 tokens: 20.09 tok/s (19.42s total)
  Best:    37.08 tok/s
================================================================
