================================================================
Krasis Benchmark — 2026-07-14 22:05:16
================================================================
Model:            NVIDIA-Nemotron-3-Super-120B-A12B-BF16
Architecture:     nemotron_h, 88 layers, 512 experts, top-22, 8 GQA + 80 linear
PP Partition:     [88] (1 GPUs)

Hardware:
  CPU:            AMD EPYC 7742 64-Core Processor (64 cores)
  RAM:            1007 GB total, 58.6 GB used by process
  GPU 0:           NVIDIA GeForce RTX 5090 (32607 MB), 14264 MB allocated

Quantization:
  GPU experts:    INT4 (Marlin)
  CPU experts:    INT4
  Attention:      HQQ6
  Shared expert:  INT8
  Dense MLP:      INT8
  LM head:        INT8
  KV cache:       k6v6

Strategy:
  Layer group size: 2 (layer_grouped(2))
  Prefill threshold: 1
  Mode:           gpu_decode (layer_grouped(2))

Prefill (internal) — 3 runs at different lengths:
  Run 1:  748.3 tok/s (1,000 tokens in 1336.4ms)
  Run 2:  1,787.9 tok/s (5,000 tokens in 2796.5ms)
  Run 3:  1,899.8 tok/s (7,293 tokens in 3838.9ms)
  Best:   1,899.8 tok/s (7,293 tokens)

Decode (internal) — 50/100/250 tokens, 3 separate prompts:
   50 tokens: 27.90 tok/s (35.8ms/tok)
  100 tokens: 29.74 tok/s (33.6ms/tok)
  250 tokens: 30.47 tok/s (32.8ms/tok)
  Best:    30.47 tok/s
  HCS:     4922/20480 experts (24.0%)
  Min free VRAM: 894 MB

Round trip (network) — 50/100/250 tokens via HTTP:
   50 tokens: 50.96 tok/s (3.04s total)
  100 tokens: 38.11 tok/s (4.39s total)
  250 tokens: 33.27 tok/s (9.38s total)
  Best:    50.96 tok/s
================================================================
