================================================================
Krasis Benchmark — 2026-07-29 16:54:02
================================================================
Model:            GLM-5.2
Architecture:     glm_moe_dsa, 78 layers, 256 experts, top-8
PP Partition:     [78] (1 GPUs)

Hardware:
  CPU:            AMD EPYC 7742 64-Core Processor (64 cores)
  RAM:            995 GB total, 371.1 GB used by process
  GPU 0 (physical 1): NVIDIA RTX PRO 6000 Blackwell Workstation Edition (97887 MB), 11255 MB allocated

Quantization:
  GPU experts:    INT4 (Marlin)
  CPU experts:    INT4
  Attention:      HQQ4
  Shared expert:  INT8
  Dense MLP:      INT8
  LM head:        INT8
  KV cache:       k4v4

Strategy:
  Layer group size: 2 (layer_grouped(2))
  Prefill threshold: 1
  Mode:           gpu_decode (layer_grouped(2))

Prefill (internal) — 1 runs at different lengths:
  Run 1:  45.0 tok/s (1,000 tokens in 22228.4ms)
  Best:   45.0 tok/s (1,000 tokens)

Decode (internal) — 50/100/250 tokens, 3 separate prompts:
   50 tokens: 5.02 tok/s (199.1ms/tok)
  100 tokens: 5.11 tok/s (195.5ms/tok)
  250 tokens: 4.88 tok/s (205.1ms/tok)
  Best:    5.11 tok/s
  HCS:     3887/19200 experts (20.2%)
  Min free VRAM: 1178 MB

Round trip (network) — 50/100/250 tokens via HTTP:
   50 tokens: 8.40 tok/s (22.69s total)
  100 tokens: 6.34 tok/s (32.65s total)
  250 tokens: 5.22 tok/s (64.57s total)
  Best:    8.40 tok/s
================================================================
