================================================================
Krasis Benchmark — 2026-07-21 11:30:15
================================================================
Model:            Ornith-1.0-397B
Architecture:     qwen3_5_moe_text, 60 layers, 512 experts, top-10, 15 GQA + 45 linear
PP Partition:     [60] (1 GPUs)

Hardware:
  CPU:            AMD EPYC 7742 64-Core Processor (64 cores)
  RAM:            1007 GB total, 201.7 GB used by process
  GPU 0:           NVIDIA GeForce RTX 5090 (32607 MB), 6592 MB allocated

Quantization:
  GPU experts:    INT4 (Marlin)
  CPU experts:    INT4
  Attention:      HQQ4
  Shared expert:  INT8
  Dense MLP:      INT8
  LM head:        INT8
  KV cache:       k4v4

Strategy:
  Layer group size: 2 (layer_grouped(2))
  Prefill threshold: 1
  Mode:           gpu_decode (layer_grouped(2))

Prefill (internal) — 4 runs at different lengths:
  Run 1:  104.3 tok/s (1,000 tokens in 9585.8ms)
  Run 2:  433.1 tok/s (5,000 tokens in 11544.5ms)
  Run 3:  752.5 tok/s (10,000 tokens in 13289.7ms)
  Run 4:  911.3 tok/s (14,154 tokens in 15532.5ms)
  Best:   911.3 tok/s (14,154 tokens)

Decode (internal) — 50/100/250 tokens, 3 separate prompts:
   50 tokens: 9.66 tok/s (103.5ms/tok)
  100 tokens: 9.45 tok/s (105.9ms/tok)
  250 tokens: 9.13 tok/s (109.5ms/tok)
  Best:    9.66 tok/s
  HCS:     2720/30720 experts (8.9%)
  Min free VRAM: 952 MB

Round trip (network) — 50/100/250 tokens via HTTP:
   50 tokens: 17.00 tok/s (8.72s total)
  100 tokens: 12.45 tok/s (13.90s total)
  250 tokens: 10.00 tok/s (31.33s total)
  Best:    17.00 tok/s
================================================================
