================================================================
Krasis Benchmark — 2026-08-28 03:29:44
================================================================
Model:            GLM-5.3-Flash
Architecture:     glm5_next_text, 45 layers, 288 experts, top-8, 11 GQA + 34 linear
PP Partition:     [45] (1 GPUs)

Hardware:
  CPU:            AMD EPYC 7742 64-Core Processor (64 cores)
  RAM:            995 GB total, 163.8 GB used by process
  GPU 0 (physical 1): NVIDIA RTX PRO 6000 Blackwell Workstation Edition (97887 MB), 5668 MB allocated

Quantization:
  GPU experts:    INT4 (Marlin)
  CPU experts:    INT4
  Attention:      HQQ6
  Shared expert:  INT8
  Dense MLP:      INT8
  LM head:        INT8
  KV cache:       k6v6

Strategy:
  Layer group size: 1 (layer_grouped(1))
  Prefill threshold: 1
  Mode:           gpu_decode (layer_grouped(1))

Prefill (internal) — 2 runs at different lengths:
  Run 1:  106.0 tok/s (1,000 tokens in 9430.4ms)
  Run 2:  265.7 tok/s (3,196 tokens in 12027.7ms)
  Best:   265.7 tok/s (3,196 tokens)

Decode (internal) — 50/100/250 tokens, 3 separate prompts:
   50 tokens: 20.03 tok/s (49.9ms/tok)
  100 tokens: 21.92 tok/s (45.6ms/tok)
  250 tokens: 21.58 tok/s (46.3ms/tok)
  Best:    21.92 tok/s
  HCS:     6600/12096 experts (54.6%)
  Min free VRAM: 1293 MB

Round trip (network) — 50/100/250 tokens via HTTP:
   50 tokens: 32.58 tok/s (12.43s total)
  100 tokens: 27.64 tok/s (14.57s total)
  250 tokens: 23.23 tok/s (21.51s total)
  Best:    32.58 tok/s
================================================================
