================================================================
Krasis Benchmark — 2026-08-30 16:12:30
================================================================
Model:            GLM-5.3-Flash
Architecture:     glm5_next_text, 45 layers, 288 experts, top-8, 11 GQA + 34 linear
PP Partition:     [45] (1 GPUs)

Hardware:
  CPU:            AMD EPYC 7742 64-Core Processor (64 cores)
  RAM:            995 GB total, 162.4 GB used by process
  GPU 0 (physical 1): NVIDIA RTX PRO 6000 Blackwell Workstation Edition (97887 MB), 5883 MB allocated

Quantization:
  GPU experts:    INT4 (Marlin)
  CPU experts:    INT4
  Attention:      HQQ6
  Shared expert:  INT8
  Dense MLP:      INT8
  LM head:        INT8
  KV cache:       k6v6

Strategy:
  Layer group size: 1 (layer_grouped(1))
  Prefill threshold: 1
  Mode:           gpu_decode (layer_grouped(1))

Prefill (internal) — 6 runs at different lengths:
  Run 1:  122.1 tok/s (1,000 tokens in 8190.9ms)
  Run 2:  527.5 tok/s (5,000 tokens in 9478.2ms)
  Run 3:  848.5 tok/s (10,000 tokens in 11785.5ms)
  Run 4:  1,214.1 tok/s (20,000 tokens in 16473.2ms)
  Run 5:  1,400.6 tok/s (35,000 tokens in 24989.7ms)
  Run 6:  1,435.9 tok/s (39,920 tokens in 27801.2ms)
  Best:   1,435.9 tok/s (39,920 tokens)

Decode (internal) — 50/100/250 tokens, 3 separate prompts:
   50 tokens: 23.03 tok/s (43.4ms/tok)
  100 tokens: 23.92 tok/s (41.8ms/tok)
  250 tokens: 23.41 tok/s (42.7ms/tok)
  Best:    23.92 tok/s
  HCS:     6540/12096 experts (54.1%)
  Min free VRAM: 1279 MB

Round trip (network) — 50/100/250 tokens via HTTP:
   50 tokens: 40.39 tok/s (10.62s total)
  100 tokens: 30.15 tok/s (12.65s total)
  250 tokens: 25.62 tok/s (19.09s total)
  Best:    40.39 tok/s
================================================================
