================================================================
Krasis Benchmark — 2026-08-07 20:52:35
================================================================
Model:            GLM-5.2
Architecture:     glm_moe_dsa, 78 layers, 256 experts, top-8
PP Partition:     [78] (2 GPUs)

Hardware:
  CPU:            AMD EPYC 7742 64-Core Processor (64 cores)
  RAM:            995 GB total, 665.6 GB used by process
  GPU 0 (physical 1): NVIDIA RTX PRO 6000 Blackwell Workstation Edition (97887 MB), 11255 MB allocated
  GPU 1 (physical 0): NVIDIA RTX A4500 (20470 MB), 0 MB allocated

Quantization:
  GPU experts:    INT4 (Marlin)
  CPU experts:    INT4
  Attention:      HQQ4
  Shared expert:  INT8
  Dense MLP:      INT8
  LM head:        INT8
  KV cache:       k4v4

Strategy:
  Layer group size: 2 (layer_grouped(2))
  Prefill threshold: 1
  Mode:           gpu_decode (layer_grouped(2))

Prefill (internal) — 2 runs at different lengths:
  Run 1:  44.9 tok/s (1,000 tokens in 22267.7ms)
  Run 2:  44.5 tok/s (3,196 tokens in 71819.4ms)
  Best:   44.9 tok/s (1,000 tokens)

Decode (internal) — 50/100/250 tokens, 3 separate prompts:
   50 tokens: 5.89 tok/s (169.8ms/tok)
  100 tokens: 5.97 tok/s (167.5ms/tok)
  250 tokens: 5.75 tok/s (174.0ms/tok)
  Best:    5.97 tok/s
  HCS:     3848/19200 experts (20.0%)
  Min free VRAM: 1172 MB

Round trip (network) — 50/100/250 tokens via HTTP:
   50 tokens: 10.13 tok/s (19.83s total)
  100 tokens: 7.61 tok/s (28.49s total)
  250 tokens: 6.31 tok/s (54.45s total)
  Best:    10.13 tok/s
================================================================
