[0;36m[1m=>[0m Waiting for selected GPUs (0) to clear...
[0;32m[1mOK[0m Selected GPUs (0) clear.
[0;36m[1m=>[0m Launching from: tests/gemma-4-4-hqq6-k6v6-a16.conf
[0;36m[1m=>[0m Run dir: /tmp/krasis-gemma-quality/logs/dev-run_20260715_191649
[0;36m[1m=>[0m Import origin check:
krasis: /tmp/krasis-gemma-quality/python/krasis/__init__.py
krasis.krasis: /tmp/krasis-gemma-quality/python/krasis/krasis.cpython-311-x86_64-linux-gnu.so
Pre-scan: set CUDA_VISIBLE_DEVICES=0
Loaded config from tests/gemma-4-4-hqq6-k6v6-a16.conf: {'model_path': '/home/main/.krasis/models/gemma-4-26b-a4b-it', 'selected_gpus': '0', 'num_gpus': 1, 'layer_group_size': 2, 'kv_dtype': 'k6v6', 'gpu_expert_bits': 4, 'cpu_expert_bits': 4, 'attention_quant': 'hqq6', 'hqq_group_size': 128, 'shared_expert_quant': 'int8', 'dense_mlp_quant': 'int8', 'lm_head_quant': 'int8', 'host': '0.0.0.0', 'port': 18016, 'enable_thinking': False}

[1m[36m▸ Krasis — gemma-4-26b-a4b-it[0m
  [32mDecode: GPU  |  HCS: on  |  GPUs: 1[0m
  [32mHCS host cache: source[0m
  [32mSelected physical GPUs: 0 (config; CUDA_VISIBLE_DEVICES=0)[0m
  [32mExperts: GPU INT4 g128 (amax)  |  Attention: hqq6  |  KV: k6v6[0m
  [32mLayer groups: 2  |  KV cache: 1000 MB  |  Threads: 40[0m
  [2mGPU-only mode: CPU expert weights and CPU decoder skipped[0m

[1m[36m▸ Loading model weights[0m
  [33m[VRAM before-load][0m cuda:0: alloc=0 MB, reserved=0 MB, used=518 MB, free=31600 MB, total=32119 MB

[1m[36m▸ Loading GPU weights[0m
  [33m[VRAM after-phase1-gpu-weights][0m cuda:0: alloc=2690 MB, reserved=2742 MB, used=3358 MB, free=28760 MB, total=32119 MB
  [0;32mHQQ attention artifacts validated (1430 MB cached), 28760 MB free[0m

[1m[36m▸ Building GPU INT4 Marlin expert cache (one-time)[0m
  [2mCache will be saved to /home/main/.krasis/cache/gemma-4-26b-a4b-it for instant loading next time.[0m
    Loading GPU Marlin cache: 30 layers...
    GPU Marlin cache loaded: 12.1 GB in 8s
  [0;32mExpert cache built in 8s — next launch will be much faster.[0m
  [33m[VRAM after-phase2-expert-weights][0m cuda:0: alloc=2690 MB, reserved=2742 MB, used=3358 MB, free=28760 MB, total=32119 MB
  [33m[VRAM after-phase3-prefill-managers][0m cuda:0: alloc=2690 MB, reserved=2742 MB, used=3358 MB, free=28760 MB, total=32119 MB
  [33m[VRAM after-kv-cache-init][0m cuda:0: alloc=3706 MB, reserved=3770 MB, used=4386 MB, free=27732 MB, total=32119 MB
  [33m[VRAM after-full-load][0m cuda:0: alloc=3706 MB, reserved=3770 MB, used=4386 MB, free=27732 MB, total=32119 MB

[1m[36m▸ CUDA runtime warmup[0m
  [32mcuBLAS + Triton kernel compilation done[0m

[1m[36m▸ Setting up GPU decode store[0m
  [32mGPU decode store ready (addr=0x787d2720)[0m
  [32mReleased redundant GPU execution source tensors (41 MB)[0m
  [2mVRAM monitor started (tracking warmup)[0m
  [2mcuda:0: 0 MB total[0m

[1m[36m▸ Pre-allocating Rust prefill engine[0m
[FLA] Loading kernels for H=0 from /tmp/krasis-gemma-quality/python/krasis/libkrasis_fla_sm120.so
  [32mPrefill engine scratch buffers allocated[0m

[1m[36m▸ Warmup (Rust prefill engine)[0m
  [32mRust prefill warmed with 300 tokens before HCS budgeting[0m
  [32mWarmup complete in 1.2s[0m
  [2mcuda:0 warmup:  peak 9,458 MB used / 32,119 MB total  (min free: 22,660 MB)[0m

[1m[36m▸ VRAM calibration[0m
  [32mSafety margin: 600 MB[0m
  [32mFree VRAM after startup: 23,418 MB / 32,119 MB[0m
  [32mShort calibration: probing 500 prompt tokens + 32 decode tokens[0m
  [32mdecode: 32 tokens in 1.51s (21.1 tok/s)  VRAM: 23404 MB free now, 23404 MB min free during decode[0m
  [32mShort calibration: baseline=23,418 MB, prefill post-alloc=22,964 MB, prefill min=22,578 MB, decode min=23,404 MB, post-cleanup=23,404 MB[0m
  [32mAdaptive long calibration: default target=8,419 tokens, target low-water floor=1,200 MB, estimated prefill growth=0.4431 MB/token[0m
  [32mAdaptive long calibration: next probe 8,419 tokens (model-estimated initial probe (projected 0.4431 MB/token, validation floor 2400 MB))[0m
  [32mLong calibration: probing 8,419 prompt tokens + 32 decode tokens[0m
  [32mdecode: 32 tokens in 1.58s (20.2 tok/s)  VRAM: 23406 MB free now, 23406 MB min free during decode[0m
  [32mLong calibration: baseline=23,404 MB, prefill post-alloc=19,520 MB, prefill min=19,134 MB, decode min=23,406 MB, post-cleanup=23,406 MB[0m
  [32mScratch reservation: max=16,424 MB (at 50,000 tokens)[0m

[1m[36m▸ VRAM calibration complete[0m
  [32mPost-calibration free VRAM: 23,406 MB[0m
  [32mTransient deltas: short prefill=840 MB, long prefill=4,270 MB, short decode=14 MB, long decode=0 MB[0m
  [32mGPU0 decode HCS budget: 22,792 MB[0m
  [32mPrefill HCS budgets: short=21,966 MB, long=18,536 MB[0m
  [32mWorst-case prefill scratch reservation: 16,424 MB at 50,000 tokens[0m

[1m[36m▸ Calculating HCS budget[0m

[1m[36m▸ Checking approved route heatmap cache[0m
  [32mApproved route heatmap loaded from cache: gemma4_26b_hqq6_p00006 (manifest-approved runtime compatibility)[0m
  [32mUsing approved route heatmap; quick startup heatmap collection skipped[0m
  [32mHeatmap: 3,514 experts ranked from 3,514 entries[0m
  [2mVRAM calibration: baseline 23406 MB | prefill 443.5 KB/tok, decode -1.8 KB/tok | HCS allowance prefill: short 21966 MB, long 18536 MB | decode: short 22792 MB, long 22806 MB | idle floors prefill=1440 MB decode=614 MB | decode-resident HCS budget=22792 MB[0m
  [2mGPU0 HCS: 3840 experts (3514 ranked + 326 unranked), reclaimable: 22,792 MB[0m

[1m[36m▸ Loading GPU0 HCS pool (fully reclaimable)[0m

[1m[36m▸ HCS pool loaded[0m
  [32mHCS pool: 0/3840 experts loaded in 0.00s (0.0% coverage), 0.0 MB VRAM, 0 free slots, gpu_route_sync=false, mapped_reads=false | soft: 3840 experts in 0.57s (11570.6 MB, host_mode=source) | total: 3840/3840 (100.0%) coverage[0m
  [2mLoaded in 0.6s[0m

[1m[36m▸ Decode validation[0m
  [32mSkipped: Rust prefill already warmed before HCS budgeting[0m

[1m[36m▸ VRAM monitor: runtime warnings enabled[0m
  [32mSafety margin: 600 MB — warnings on every new low below this[0m

[1m[32mKRASIS SERVER READY[0m
  [32mModel:[0m    [1mgemma-4-26b-a4b-it[0m
  [32mAddress:[0m  [1m0.0.0.0:18016[0m
  [32mContext:[0m  10,624 tokens  |  KV cache: 1,000 MB
  [32mDecode:[0m   GPU  |  HCS: on  |  Think: off
  [32mClient setup:[0m
    Base URL:      [1mhttp://127.0.0.1:18016/v1[0m
    Chat endpoint: http://127.0.0.1:18016/v1/chat/completions
    Models:        http://127.0.0.1:18016/v1/models
    API key:       [1mX[0m [2m(any value)[0m
    Model name:    [1mgemma-4-26b-a4b-it-vision[0m
                   [2mvision-capable; use this same model for text and images[0m
  [2mPress Q or Ctrl-C to stop[0m
