warning: unused imports: `repack_tiled_int4_packed`, `repack_tiled_int8_packed`, and `repack_tiled_scales`
  --> src/decode.rs:12:36
   |
12 |     quantize_activation_int16_f32, repack_tiled_int4_packed, repack_tiled_int8_packed,
   |                                    ^^^^^^^^^^^^^^^^^^^^^^^^  ^^^^^^^^^^^^^^^^^^^^^^^^
13 |     repack_tiled_scales,
   |     ^^^^^^^^^^^^^^^^^^^
   |
   = note: `#[warn(unused_imports)]` (part of `#[warn(unused)]`) on by default

warning: unused import: `std::time::Instant`
     --> src/gpu_decode.rs:68583:13
      |
68583 |         use std::time::Instant;
      |             ^^^^^^^^^^^^^^^^^^

warning: unused import: `crate::weights::marlin::bf16_to_f32`
     --> src/gpu_decode.rs:72298:13
      |
72298 |         use crate::weights::marlin::bf16_to_f32;
      |             ^^^^^^^^^^^^^^^^^^^^^^^^^^^^^^^^^^^

warning: unused import: `crate::weights::marlin::bf16_to_f32`
     --> src/gpu_decode.rs:72847:13
      |
72847 |         use crate::weights::marlin::bf16_to_f32;
      |             ^^^^^^^^^^^^^^^^^^^^^^^^^^^^^^^^^^^

warning: unused import: `UnifiedExpertWeights`
     --> src/gpu_decode.rs:72848:30
      |
72848 |         use crate::weights::{UnifiedExpertWeights, WeightStore};
      |                              ^^^^^^^^^^^^^^^^^^^^

warning: unused import: `crate::weights::marlin::bf16_to_f32`
     --> src/gpu_decode.rs:73105:13
      |
73105 |         use crate::weights::marlin::bf16_to_f32;
      |             ^^^^^^^^^^^^^^^^^^^^^^^^^^^^^^^^^^^

warning: use of deprecated constant `gpu_decode::GpuDecodeStore::__pymethod_set_debug_decode_hcs_equiv_trace_once__::SIGNATURE`: this function has implicit defaults for the trailing `Option<T>` arguments 
         = note: these implicit defaults are being phased out 
         = help: add `#[pyo3(signature = (layer_idx=None))]` to this function to silence this warning and keep the current behavior
     --> src/gpu_decode.rs:20511:12
      |
20511 |     pub fn set_debug_decode_hcs_equiv_trace_once(&mut self, layer_idx...
      |            ^^^^^^^^^^^^^^^^^^^^^^^^^^^^^^^^^^^^^
      |
      = note: `#[warn(deprecated)]` on by default

warning: unused variable: `rope_len`
    --> src/decode.rs:2839:9
     |
2839 |         rope_len: usize,
     |         ^^^^^^^^ help: if this is intentional, prefix it with an underscore: `_rope_len`
     |
     = note: `#[warn(unused_variables)]` (part of `#[warn(unused)]`) on by default

warning: unused variable: `hs`
    --> src/decode.rs:3273:13
     |
3273 |         let hs = g.hidden_size;
     |             ^^ help: if this is intentional, prefix it with an underscore: `_hs`

warning: unused variable: `kv_lora_rank`
    --> src/decode.rs:3352:21
     |
3352 |                     kv_lora_rank,
     |                     ^^^^^^^^^^^^ help: try ignoring the field: `kv_lora_rank: _`

warning: unused variable: `qk_nope_dim`
    --> src/decode.rs:3353:21
     |
3353 |                     qk_nope_dim,
     |                     ^^^^^^^^^^^ help: try ignoring the field: `qk_nope_dim: _`

warning: unused variable: `qk_rope_dim`
    --> src/decode.rs:3354:21
     |
3354 |                     qk_rope_dim,
     |                     ^^^^^^^^^^^ help: try ignoring the field: `qk_rope_dim: _`

warning: unused variable: `max_seq`
    --> src/decode.rs:5767:5
     |
5767 |     max_seq: usize,
     |     ^^^^^^^ help: if this is intentional, prefix it with an underscore: `_max_seq`

warning: unused variable: `r6`
     --> src/gpu_decode.rs:14549:13
      |
14549 |         let r6 = graph.h_graph_moe_route_clocks[base + 12];
      |             ^^ help: if this is intentional, prefix it with an underscore: `_r6`

warning: unused variable: `f`
     --> src/gpu_decode.rs:24738:17
      |
24738 |             let f = self
      |                 ^ help: if this is intentional, prefix it with an underscore: `_f`

warning: unused variable: `row_len`
     --> src/gpu_decode.rs:25042:13
      |
25042 |         let row_len = n * 16;
      |             ^^^^^^^ help: if this is intentional, prefix it with an underscore: `_row_len`

warning: value assigned to `marlin_swap_ms` is never read
     --> src/gpu_decode.rs:34547:34
      |
34547 |         let mut marlin_swap_ms = 0.0f64;
      |                                  ^^^^^^ this value is reassigned later and never used
...
34575 |         marlin_swap_ms = t.elapsed().as_secs_f64() * 1000.0;
      |         --------------------------------------------------- `marlin_swap_ms` is overwritten here before the previous value is read
      |
      = note: `#[warn(unused_assignments)]` (part of `#[warn(unused)]`) on by default

warning: value assigned to `hcs_evict_ms` is never read
     --> src/gpu_decode.rs:34548:32
      |
34548 |         let mut hcs_evict_ms = 0.0f64;
      |                                ^^^^^^ this value is reassigned later and never used
...
34589 |         hcs_evict_ms = t.elapsed().as_secs_f64() * 1000.0;
      |         ------------------------------------------------- `hcs_evict_ms` is overwritten here before the previous value is read

warning: value assigned to `simple_swap_ms` is never read
     --> src/gpu_decode.rs:34677:34
      |
34677 |         let mut simple_swap_ms = 0.0f64;
      |                                  ^^^^^^ this value is reassigned later and never used
...
34697 |         simple_swap_ms = t.elapsed().as_secs_f64() * 1000.0;
      |         --------------------------------------------------- `simple_swap_ms` is overwritten here before the previous value is read

warning: variable does not need to be mutable
     --> src/gpu_decode.rs:37210:13
      |
37210 |         let mut engine = PrefillEngine {
      |             ----^^^^^^
      |             |
      |             help: remove this `mut`
      |
      = note: `#[warn(unused_mut)]` (part of `#[warn(unused)]`) on by default

warning: unused variable: `total_w1_packed`
     --> src/gpu_decode.rs:37107:13
      |
37107 |         let total_w1_packed = n_routed * w1_packed_per_expert;
      |             ^^^^^^^^^^^^^^^ help: if this is intentional, prefix it with an underscore: `_total_w1_packed`

warning: unused variable: `total_w1_scales`
     --> src/gpu_decode.rs:37108:13
      |
37108 |         let total_w1_scales = n_routed * w1_scales_per_expert;
      |             ^^^^^^^^^^^^^^^ help: if this is intentional, prefix it with an underscore: `_total_w1_scales`

warning: unused variable: `total_w2_packed`
     --> src/gpu_decode.rs:37109:13
      |
37109 |         let total_w2_packed = n_routed * w2_packed_per_expert;
      |             ^^^^^^^^^^^^^^^ help: if this is intentional, prefix it with an underscore: `_total_w2_packed`

warning: unused variable: `total_w2_scales`
     --> src/gpu_decode.rs:37110:13
      |
37110 |         let total_w2_scales = n_routed * w2_scales_per_expert;
      |             ^^^^^^^^^^^^^^^ help: if this is intentional, prefix it with an underscore: `_total_w2_scales`

warning: unused variable: `conv_state_ptr`
     --> src/gpu_decode.rs:38193:17
      |
38193 |                 conv_state_ptr,
      |                 ^^^^^^^^^^^^^^ help: try ignoring the field: `conv_state_ptr: _`

warning: unused variable: `recur_state_ptr`
     --> src/gpu_decode.rs:38194:17
      |
38194 |                 recur_state_ptr,
      |                 ^^^^^^^^^^^^^^^ help: try ignoring the field: `recur_state_ptr: _`

warning: unused variable: `positions`
     --> src/gpu_decode.rs:38448:9
      |
38448 |         positions: &[usize],
      |         ^^^^^^^^^ help: if this is intentional, prefix it with an underscore: `_positions`

warning: unused variable: `eps`
     --> src/gpu_decode.rs:38451:13
      |
38451 |         let eps = graph.eps;
      |             ^^^ help: if this is intentional, prefix it with an underscore: `_eps`

warning: unused variable: `k`
     --> src/gpu_decode.rs:38458:13
      |
38458 |         let k = graph.kernels.as_ref().ok_or("kernels not cached")?.c...
      |             ^ help: if this is intentional, prefix it with an underscore: `_k`

warning: unused variable: `has_hd512_k4v4_graph_target`
     --> src/gpu_decode.rs:40339:13
      |
40339 |         let has_hd512_k4v4_graph_target = graph.kv_format == 9
      |             ^^^^^^^^^^^^^^^^^^^^^^^^^^^ help: if this is intentional, prefix it with an underscore: `_has_hd512_k4v4_graph_target`

warning: unused variable: `is_bf16_expert`
     --> src/gpu_decode.rs:41242:13
      |
41242 |         let is_bf16_expert = expert_bits == 16;
      |             ^^^^^^^^^^^^^^ help: if this is intentional, prefix it with an underscore: `_is_bf16_expert`

warning: unused variable: `w13_ksplits_batched`
     --> src/gpu_decode.rs:41329:13
      |
41329 |         let w13_ksplits_batched = if w13_max_ksplits > 1 {
      |             ^^^^^^^^^^^^^^^^^^^ help: if this is intentional, prefix it with an underscore: `_w13_ksplits_batched`

warning: variable `gqa_cache_idx` is assigned to, but never used
     --> src/gpu_decode.rs:42368:13
      |
42368 |         let mut gqa_cache_idx = seg_gqa_offset;
      |             ^^^^^^^^^^^^^^^^^
      |
      = note: consider using `_gqa_cache_idx` instead

warning: value assigned to `gqa_cache_idx` is never read
     --> src/gpu_decode.rs:42372:13
      |
42372 |             gqa_cache_idx = seg_gqa_offset;
      |             ^^^^^^^^^^^^^^^^^^^^^^^^^^^^^^ this value is reassigned later and never used
...
42375 |                     gqa_cache_idx += 1;
      |                     ------------------ `gqa_cache_idx` is overwritten here before the previous value is read

warning: value assigned to `gqa_cache_idx` is never read
     --> src/gpu_decode.rs:42375:21
      |
42375 |                     gqa_cache_idx += 1;
      |                     ^^^^^^^^^^^^^^^^^^ this value is reassigned later and never used
...
44823 |                                 gqa_cache_idx += 1;
      |                                 ------------------ `gqa_cache_idx` is overwritten here before the previous value is read

warning: value assigned to `gqa_cache_idx` is never read
     --> src/gpu_decode.rs:44823:33
      |
44823 | ...                   gqa_cache_idx += 1;
      |                       ^^^^^^^^^^^^^^^^^^
      |
      = help: maybe it is overwritten before being read?

warning: variable does not need to be mutable
     --> src/gpu_decode.rs:48325:17
      |
48325 |             let mut prefetch_slot_ready: Option<bool> = None;
      |                 ----^^^^^^^^^^^^^^^^^^^
      |                 |
      |                 help: remove this `mut`

warning: unused variable: `hs`
     --> src/gpu_decode.rs:47968:13
      |
47968 |         let hs = graph.hidden_size;
      |             ^^ help: if this is intentional, prefix it with an underscore: `_hs`

warning: unused variable: `prefetch_slot_ready`
     --> src/gpu_decode.rs:48325:17
      |
48325 |             let mut prefetch_slot_ready: Option<bool> = None;
      |                 ^^^^^^^^^^^^^^^^^^^^^^^ help: if this is intentional, prefix it with an underscore: `_prefetch_slot_ready`

warning: unnecessary `unsafe` block
     --> src/gpu_decode.rs:51296:49
      |
51276 | ...                   unsafe {
      |                       ------ because it's nested under this `unsafe` block
...
51296 | ...                       let k_out = unsafe {
      |                                       ^^^^^^ unnecessary `unsafe` block
      |
      = note: `#[warn(unused_unsafe)]` (part of `#[warn(unused)]`) on by default

warning: variable does not need to be mutable
     --> src/gpu_decode.rs:50677:13
      |
50677 |         let mut tt_norm = 0.0f64;
      |             ----^^^^^^^
      |             |
      |             help: remove this `mut`

warning: variable does not need to be mutable
     --> src/gpu_decode.rs:50678:13
      |
50678 |         let mut tt_shared = 0.0f64;
      |             ----^^^^^^^^^
      |             |
      |             help: remove this `mut`

warning: variable `gqa_cache_idx` is assigned to, but never used
     --> src/gpu_decode.rs:50672:13
      |
50672 | ...   let mut gqa_cache_idx = seg_gqa_offset; // Start at offset for ...
      |           ^^^^^^^^^^^^^^^^^
      |
      = note: consider using `_gqa_cache_idx` instead

warning: unused variable: `tt_norm`
     --> src/gpu_decode.rs:50677:13
      |
50677 |         let mut tt_norm = 0.0f64;
      |             ^^^^^^^^^^^ help: if this is intentional, prefix it with an underscore: `_tt_norm`

warning: unused variable: `half_dim`
     --> src/gpu_decode.rs:51678:25
      |
51678 |                     let half_dim = *rope_half_dim;
      |                         ^^^^^^^^ help: if this is intentional, prefix it with an underscore: `_half_dim`

warning: unused variable: `num_blocks`
     --> src/gpu_decode.rs:52461:33
      |
52461 | ...                   let num_blocks = graph.kv_blocks_for_layer(laye...
      |                           ^^^^^^^^^^ help: if this is intentional, prefix it with an underscore: `_num_blocks`

warning: unused variable: `c_ptr`
     --> src/gpu_decode.rs:54205:25
      |
54205 |                     let c_ptr = b_ptr + (n_groups * state_size * 4) a...
      |                         ^^^^^ help: if this is intentional, prefix it with an underscore: `_c_ptr`

warning: value assigned to `gqa_cache_idx` is never read
     --> src/gpu_decode.rs:53159:25
      |
53159 |                         gqa_cache_idx += 1;
      |                         ^^^^^^^^^^^^^^^^^^
      |
      = help: maybe it is overwritten before being read?

warning: value assigned to `step_ok` is never read
     --> src/gpu_decode.rs:57154:41
      |
57154 | ...                   step_ok = false;
      |                       ^^^^^^^^^^^^^^^
      |
      = help: maybe it is overwritten before being read?

warning: variable does not need to be mutable
     --> src/gpu_decode.rs:57529:13
      |
57529 |         let mut tt_proj: f64 = 0.0;
      |             ----^^^^^^^
      |             |
      |             help: remove this `mut`

warning: unused variable: `tt_proj`
     --> src/gpu_decode.rs:57529:13
      |
57529 |         let mut tt_proj: f64 = 0.0;
      |             ^^^^^^^^^^^ help: if this is intentional, prefix it with an underscore: `_tt_proj`

warning: unused variable: `half_dim`
     --> src/gpu_decode.rs:58092:25
      |
58092 |                     let half_dim = *rope_half_dim;
      |                         ^^^^^^^^ help: if this is intentional, prefix it with an underscore: `_half_dim`

warning: unused variable: `is_bf16_expert`
     --> src/gpu_decode.rs:59414:13
      |
59414 |         let is_bf16_expert = expert_bits == 16;
      |             ^^^^^^^^^^^^^^ help: if this is intentional, prefix it with an underscore: `_is_bf16_expert`

warning: unused variable: `draft_context_window`
     --> src/gpu_decode.rs:63420:13
      |
63420 |         let draft_context_window = self.draft_context_window;
      |             ^^^^^^^^^^^^^^^^^^^^ help: if this is intentional, prefix it with an underscore: `_draft_context_window`

warning: unused variable: `used_mb`
     --> src/gpu_decode.rs:64405:17
      |
64405 |             let used_mb = total_mb - free_mb;
      |                 ^^^^^^^ help: if this is intentional, prefix it with an underscore: `_used_mb`

warning: unused variable: `t_moe`
     --> src/gpu_decode.rs:73027:13
      |
73027 |         let t_moe = Instant::now();
      |             ^^^^^ help: if this is intentional, prefix it with an underscore: `_t_moe`

warning: unused variable: `diag_moe_detail`
     --> src/gpu_prefill.rs:22415:13
      |
22415 |         let diag_moe_detail = std::env::var("KRASIS_PREFILL_DIAG_MOE_...
      |             ^^^^^^^^^^^^^^^ help: if this is intentional, prefix it with an underscore: `_diag_moe_detail`

warning: variable does not need to be mutable
     --> src/gpu_prefill.rs:27620:13
      |
27620 | ...   let mut reset = |label: &str, compressor: &DeepseekV4Compressor...
      |           ----^^^^^
      |           |
      |           help: remove this `mut`

warning: value assigned to `attn_path` is never read
     --> src/gpu_prefill.rs:37710:29
      |
37710 |         let mut attn_path = "custom_tiled";
      |                             ^^^^^^^^^^^^^^ this value is reassigned later and never used
...
39848 |                 attn_path = "custom_tiled_cross_chunk";
      |                 -------------------------------------- `attn_path` is overwritten here before the previous value is read

warning: value assigned to `attn_path` is never read
     --> src/gpu_prefill.rs:39511:17
      |
39511 |                 attn_path = "fa2_cross_chunk";
      |                 ^^^^^^^^^^^^^^^^^^^^^^^^^^^^^ this value is reassigned later and never used
...
39524 |                     attn_path = "fa2_fp8_cross_chunk";
      |                     --------------------------------- `attn_path` is overwritten here before the previous value is read

warning: value assigned to `attention_branch_idx` is never read
     --> src/gpu_prefill.rs:37765:40
      |
37765 |         let mut attention_branch_idx = GQA_BRANCH_CUSTOM_NO_FA2;
      |                                        ^^^^^^^^^^^^^^^^^^^^^^^^ this value is reassigned later and never used
...
39849 |                 attention_branch_idx = GQA_BRANCH_CUSTOM_CROSS_CHUNK;
      |                 ---------------------------------------------------- `attention_branch_idx` is overwritten here before the previous value is read

warning: unused variable: `la_chunk_out`
     --> src/gpu_prefill.rs:45635:13
      |
45635 |         let la_chunk_out = *self
      |             ^^^^^^^^^^^^ help: if this is intentional, prefix it with an underscore: `_la_chunk_out`

warning: unused variable: `act_t`
     --> src/gpu_prefill.rs:56072:17
      |
56072 |             let act_t = std::cmp::max(32, ((std::cmp::min(1024, inter...
      |                 ^^^^^ help: if this is intentional, prefix it with an underscore: `_act_t`

warning: value assigned to `d_temp_vendor_accum` is never read
     --> src/gpu_prefill.rs:57328:33
      |
57328 | ...                   d_temp_vendor_accum = 0;
      |                       ^^^^^^^^^^^^^^^^^^^^^^^
      |
      = help: maybe it is overwritten before being read?

warning: value assigned to `d_temp_vendor_src` is never read
     --> src/gpu_prefill.rs:57332:33
      |
57332 | ...                   d_temp_vendor_src = 0;
      |                       ^^^^^^^^^^^^^^^^^^^^^
      |
      = help: maybe it is overwritten before being read?

warning: value assigned to `d_temp_vendor_topk_weights` is never read
     --> src/gpu_prefill.rs:57336:33
      |
57336 | ...                   d_temp_vendor_topk_weights = 0;
      |                       ^^^^^^^^^^^^^^^^^^^^^^^^^^^^^^
      |
      = help: maybe it is overwritten before being read?

warning: unused variable: `shared_ws_len`
     --> src/gpu_prefill.rs:65772:13
      |
65772 |         let shared_ws_len = self.config.sms * MARLIN_MAX_LOCK_SLOTS_P...
      |             ^^^^^^^^^^^^^ help: if this is intentional, prefix it with an underscore: `_shared_ws_len`

warning: unused variable: `dv`
     --> src/gpu_prefill.rs:68331:13
      |
68331 |         let dv = config.la_v_head_dim;
      |             ^^ help: if this is intentional, prefix it with an underscore: `_dv`

warning: value assigned to `prompt_hcs_snapshot` is never read
    --> src/server.rs:3034:76
     |
3034 | ...et mut prompt_hcs_snapshot: Option<(Vec<u64>, usize, usize, usize)> = None;
     |                                                                          ^^^^ this value is reassigned later and never used
...
4148 | ...   prompt_hcs_snapshot = engine.prompt_hcs_shadow_snapshot();
     |       ------------------- `prompt_hcs_snapshot` is overwritten here before the previous value is read

warning: value assigned to `cache_request_eligible` is never read
    --> src/server.rs:3038:38
     |
3038 |       let mut cache_request_eligible = false;
     |                                        ^^^^^ this value is reassigned later and never used
...
3192 | /         cache_request_eligible = state.session_cache.enabled
3193 | |             && request_prefix_cache
3194 | |             && !has_images
3195 | |             && !multi_gpu_pending
...    |
3198 | |                 !store.speculative_decode_enabled_rust()
3199 | |             };
     | |_____________- `cache_request_eligible` is overwritten here before the previous value is read

warning: value assigned to `cache_miss_reason` is never read
    --> src/server.rs:3350:33
     |
3350 | ...           cache_miss_reason = Some(SessionCacheMissReason::Evicted);
     |               ^^^^^^^^^^^^^^^^^^^^^^^^^^^^^^^^^^^^^^^^^^^^^^^^^^^^^^^^^ this value is reassigned later and never used
...
3430 | ...   cache_miss_reason = Some(SessionCacheMissReason::RestoreNotWorthIt);
     |       ------------------------------------------------------------------- `cache_miss_reason` is overwritten here before the previous value is read

warning: value assigned to `cache_miss_reason` is never read
    --> src/server.rs:3359:33
     |
3359 | ...           cache_miss_reason = Some(SessionCacheMissReason::RestoreFailed);
     |               ^^^^^^^^^^^^^^^^^^^^^^^^^^^^^^^^^^^^^^^^^^^^^^^^^^^^^^^^^^^^^^^ this value is reassigned later and never used
...
3430 | ...   cache_miss_reason = Some(SessionCacheMissReason::RestoreNotWorthIt);
     |       ------------------------------------------------------------------- `cache_miss_reason` is overwritten here before the previous value is read

warning: value assigned to `cache_miss_reason` is never read
    --> src/server.rs:3365:29
     |
3365 | ...       cache_miss_reason = Some(SessionCacheMissReason::RestoreFailed);
     |           ^^^^^^^^^^^^^^^^^^^^^^^^^^^^^^^^^^^^^^^^^^^^^^^^^^^^^^^^^^^^^^^ this value is reassigned later and never used
...
3430 | ...   cache_miss_reason = Some(SessionCacheMissReason::RestoreNotWorthIt);
     |       ------------------------------------------------------------------- `cache_miss_reason` is overwritten here before the previous value is read

warning: variable does not need to be mutable
    --> src/server.rs:6332:13
     |
6332 |         let mut on_token = |token_id: usize,
     |             ----^^^^^^^^
     |             |
     |             help: remove this `mut`

warning: value assigned to `scratch_tokens_after_prepare` is never read
    --> src/server.rs:5962:44
     |
5962 |     let mut scratch_tokens_after_prepare = 0usize;
     |                                            ^^^^^^ this value is reassigned later and never used
...
5991 |         scratch_tokens_after_prepare = engine.scratch.max_tokens;
     |         -------------------------------------------------------- `scratch_tokens_after_prepare` is overwritten here before the previous value is read

warning: value assigned to `prefill_chunk_size_after_prepare` is never read
    --> src/server.rs:5963:48
     |
5963 | ...et mut prefill_chunk_size_after_prepare = engine.config.prefill_chunk_size;
     |                                              ^^^^^^^^^^^^^^^^^^^^^^^^^^^^^^^^ this value is reassigned later and never used
...
5992 | ...   prefill_chunk_size_after_prepare = engine.config.prefill_chunk_size;
     |       ------------------------------------------------------------------- `prefill_chunk_size_after_prepare` is overwritten here before the previous value is read

warning: unused variable: `evicted`
    --> src/server.rs:8069:14
     |
8069 |         let (evicted, _) = store
     |              ^^^^^^^ help: if this is intentional, prefix it with an underscore: `_evicted`

warning: value assigned to `prefill_lock_ms` is never read
    --> src/server.rs:8077:35
     |
8077 |         let mut prefill_lock_ms = 0.0f64;
     |                                   ^^^^^^ this value is reassigned later and never used
...
8100 |         prefill_lock_ms = t_phase.elapsed().as_secs_f64() * 1000.0;
     |         ---------------------------------------------------------- `prefill_lock_ms` is overwritten here before the previous value is read

warning: value assigned to `prefill_hcs_snapshot_ms` is never read
    --> src/server.rs:8078:43
     |
8078 | ...   let mut prefill_hcs_snapshot_ms = 0.0f64;
     |                                         ^^^^^^ this value is reassigned later and never used
...
8112 | ...   prefill_hcs_snapshot_ms = t_phase.elapsed().as_secs_f64() * 1000.0;
     |       ------------------------------------------------------------------ `prefill_hcs_snapshot_ms` is overwritten here before the previous value is read

warning: value assigned to `prefill_tokenize_ms` is never read
    --> src/server.rs:8079:39
     |
8079 |         let mut prefill_tokenize_ms = 0.0f64;
     |                                       ^^^^^^ this value is reassigned later and never used
...
8130 |         prefill_tokenize_ms = t_phase.elapsed().as_secs_f64() * 1000.0;
     |         -------------------------------------------------------------- `prefill_tokenize_ms` is overwritten here before the previous value is read

warning: value assigned to `prefill_prepare_runtime_ms` is never read
    --> src/server.rs:8080:46
     |
8080 | ...   let mut prefill_prepare_runtime_ms = 0.0f64;
     |                                            ^^^^^^ this value is reassigned later and never used
...
8142 | ...   prefill_prepare_runtime_ms = t_phase.elapsed().as_secs_f64() * 1000.0;
     |       --------------------------------------------------------------------- `prefill_prepare_runtime_ms` is overwritten here before the previous value is read

warning: value assigned to `prefill_scratch_ms` is never read
    --> src/server.rs:8081:38
     |
8081 |         let mut prefill_scratch_ms = 0.0f64;
     |                                      ^^^^^^ this value is reassigned later and never used
...
8157 |         prefill_scratch_ms = t_phase.elapsed().as_secs_f64() * 1000.0;
     |         ------------------------------------------------------------- `prefill_scratch_ms` is overwritten here before the previous value is read

warning: value assigned to `prefill_run_ms` is never read
    --> src/server.rs:8082:34
     |
8082 |         let mut prefill_run_ms = 0.0f64;
     |                                  ^^^^^^ this value is reassigned later and never used
...
8181 |         prefill_run_ms = t_phase.elapsed().as_secs_f64() * 1000.0;
     |         --------------------------------------------------------- `prefill_run_ms` is overwritten here before the previous value is read

warning: value assigned to `prefill_shadow_ms` is never read
    --> src/server.rs:8083:37
     |
8083 |         let mut prefill_shadow_ms = 0.0f64;
     |                                     ^^^^^^ this value is reassigned later and never used
...
8185 |         prefill_shadow_ms = t_phase.elapsed().as_secs_f64() * 1000.0;
     |         ------------------------------------------------------------ `prefill_shadow_ms` is overwritten here before the previous value is read

warning: value assigned to `prefill_release_ms` is never read
    --> src/server.rs:8084:38
     |
8084 |         let mut prefill_release_ms = 0.0f64;
     |                                      ^^^^^^ this value is reassigned later and never used
...
8195 |         prefill_release_ms = t_phase.elapsed().as_secs_f64() * 1000.0;
     |         ------------------------------------------------------------- `prefill_release_ms` is overwritten here before the previous value is read

warning: value assigned to `prefill_stop_ids_ms` is never read
    --> src/server.rs:8085:39
     |
8085 |         let mut prefill_stop_ids_ms = 0.0f64;
     |                                       ^^^^^^ this value is reassigned later and never used
...
8202 |         prefill_stop_ids_ms = t_phase.elapsed().as_secs_f64() * 1000.0;
     |         -------------------------------------------------------------- `prefill_stop_ids_ms` is overwritten here before the previous value is read

warning: value assigned to `prefill_restore_ms` is never read
    --> src/server.rs:8086:38
     |
8086 |         let mut prefill_restore_ms = 0.0f64;
     |                                      ^^^^^^ this value is reassigned later and never used
...
8209 |         prefill_restore_ms = t_phase.elapsed().as_secs_f64() * 1000.0;
     |         ------------------------------------------------------------- `prefill_restore_ms` is overwritten here before the previous value is read

warning: unused variable: `w13_n`
    --> src/weights/mod.rs:1098:13
     |
1098 |         let w13_n = if ungated {
     |             ^^^^^ help: if this is intentional, prefix it with an underscore: `_w13_n`

warning: value assigned to `effective_gs` is never read
    --> src/weights/mod.rs:2629:13
     |
2629 |             effective_gs = 0;
     |             ^^^^^^^^^^^^^^^^
     |
     = help: maybe it is overwritten before being read?

warning: unused variable: `total_moe_layers`
    --> src/weights/mod.rs:3525:9
     |
3525 |         total_moe_layers: usize,
     |         ^^^^^^^^^^^^^^^^ help: if this is intentional, prefix it with an underscore: `_total_moe_layers`

warning: type `PrefillTraceConfig` is more private than the item `gpu_prefill::PrefillEngine::trace`
    --> src/gpu_prefill.rs:8090:5
     |
8090 |     pub trace: Option<PrefillTraceConfig>,
     |     ^^^^^^^^^^^^^^^^^^^^^^^^^^^^^^^^^^^^^ field `gpu_prefill::PrefillEngine::trace` is reachable at visibility `pub`
     |
note: but type `PrefillTraceConfig` is only usable at visibility `pub(crate)`
    --> src/gpu_prefill.rs:1037:1
     |
1037 | pub(crate) struct PrefillTraceConfig {
     | ^^^^^^^^^^^^^^^^^^^^^^^^^^^^^^^^^^^^
     = note: `#[warn(private_interfaces)]` on by default

warning: type `SyntheticRepackRing` is more private than the item `gpu_prefill::PrefillEngine::synthetic_repack`
    --> src/gpu_prefill.rs:8288:5
     |
8288 | /     pub synthetic_repack:
8289 | |         Option<Arc<std::sync::Mutex<crate::synthetic_repack::SyntheticRepackRing>>>,
     | |___________________________________________________________________________________^ field `gpu_prefill::PrefillEngine::synthetic_repack` is reachable at visibility `pub`
     |
note: but type `SyntheticRepackRing` is only usable at visibility `pub(crate)`
    --> src/synthetic_repack.rs:95:1
     |
  95 | pub(crate) struct SyntheticRepackRing {
     | ^^^^^^^^^^^^^^^^^^^^^^^^^^^^^^^^^^^^^

warning: function `prefetch_weight_nta` is never used
    --> src/decode.rs:2177:4
     |
2177 | fn prefetch_weight_nta(w: &TransposedWeight) {
     |    ^^^^^^^^^^^^^^^^^^^
     |
     = note: `#[warn(dead_code)]` (part of `#[warn(unused)]`) on by default

warning: function `bf16_to_f32` is never used
    --> src/decode.rs:2204:4
     |
2204 | fn bf16_to_f32(x: u16) -> f32 {
     |    ^^^^^^^^^^^

warning: struct `Xorshift64` is never constructed
    --> src/decode.rs:5922:8
     |
5922 | struct Xorshift64(u64);
     |        ^^^^^^^^^^

warning: associated items `new`, `next_u64`, `next_u32`, and `next_f32` are never used
    --> src/decode.rs:5925:8
     |
5924 | impl Xorshift64 {
     | --------------- associated items in this implementation
5925 |     fn new(seed: u64) -> Self {
     |        ^^^
...
5929 |     fn next_u64(&mut self) -> u64 {
     |        ^^^^^^^^
...
5936 |     fn next_u32(&mut self) -> u32 {
     |        ^^^^^^^^
...
5941 |     fn next_f32(&mut self, scale: f32) -> f32 {
     |        ^^^^^^^^

warning: function `fill_random_u32` is never used
    --> src/decode.rs:5949:4
     |
5949 | fn fill_random_u32(v: &mut [u32], rng: &mut Xorshift64) {
     |    ^^^^^^^^^^^^^^^

warning: function `fill_random_scales_u16` is never used
    --> src/decode.rs:5956:4
     |
5956 | fn fill_random_scales_u16(v: &mut [u16], rng: &mut Xorshift64) {
     |    ^^^^^^^^^^^^^^^^^^^^^^

warning: function `fill_random_f32` is never used
    --> src/decode.rs:5965:4
     |
5965 | fn fill_random_f32(v: &mut [f32], rng: &mut Xorshift64, scale: f32) {
     |    ^^^^^^^^^^^^^^^

warning: function `fill_random_u16` is never used
    --> src/decode.rs:5972:4
     |
5972 | fn fill_random_u16(v: &mut [u16], rng: &mut Xorshift64) {
     |    ^^^^^^^^^^^^^^^

warning: function `hint_hugepages` is never used
    --> src/decode.rs:5986:4
     |
5986 | fn hint_hugepages<T>(v: &mut [T]) {
     |    ^^^^^^^^^^^^^^

warning: function `fake_transposed_weight` is never used
    --> src/decode.rs:6054:4
     |
6054 | fn fake_transposed_weight(
     |    ^^^^^^^^^^^^^^^^^^^^^^

warning: field `buf_size` is never read
    --> src/gpu_decode.rs:3280:5
     |
3276 | struct PrefetchSlot {
     |        ------------ field in this struct
...
3280 |     buf_size: usize,
     |     ^^^^^^^^

warning: method `decode_kb_per_tok` is never used
    --> src/gpu_decode.rs:3442:8
     |
3354 | impl VramCalibration {
     | -------------------- method in this implementation
...
3442 |     fn decode_kb_per_tok(&self) -> f64 {
     |        ^^^^^^^^^^^^^^^^^

warning: field `pool_slot` is never read
    --> src/gpu_decode.rs:3609:5
     |
3593 | struct HcsCacheEntry {
     |        ------------- field in this struct
...
3609 |     pool_slot: Option<usize>,
     |     ^^^^^^^^^

warning: method `is_marlin` is never used
    --> src/gpu_decode.rs:7215:8
     |
7138 | impl GpuWeight {
     | -------------- method in this implementation
...
7215 |     fn is_marlin(&self) -> bool {
     |        ^^^^^^^^^

warning: fields `compress_rope_theta` and `raw_cache_elems` are never read
    --> src/gpu_decode.rs:7362:16
     |
7347 | pub(crate) struct DeepseekV4LayerRegistration {
     |                   --------------------------- fields in this struct
...
7362 |     pub(crate) compress_rope_theta: f32,
     |                ^^^^^^^^^^^^^^^^^^^
7363 |     pub(crate) raw_cache_ptr: u64,
7364 |     pub(crate) raw_cache_elems: usize,
     |                ^^^^^^^^^^^^^^^
     |
     = note: `DeepseekV4LayerRegistration` has derived impls for the traits `Clone` and `Debug`, but these are intentionally ignored during dead code analysis

warning: variant `FixedCapacityTensorCore` is never constructed
    --> src/gpu_decode.rs:7513:5
     |
7512 | enum DsaGraphScoreBackend {
     |      -------------------- variant in this enum
7513 |     FixedCapacityTensorCore,
     |     ^^^^^^^^^^^^^^^^^^^^^^^
     |
     = note: `DsaGraphScoreBackend` has derived impls for the traits `Clone` and `Debug`, but these are intentionally ignored during dead code analysis

warning: multiple fields are never read
     --> src/gpu_decode.rs:10838:5
      |
10833 | struct HqqPrefillSidecarRegistration {
      |        ----------------------------- fields in this struct
...
10838 |     correction_bytes: usize,
      |     ^^^^^^^^^^^^^^^^
10839 |     scales_ptr: u64,
10840 |     scales_bytes: usize,
      |     ^^^^^^^^^^^^
10841 |     base_f32_ptr: u64,
10842 |     base_f32_bytes: usize,
      |     ^^^^^^^^^^^^^^
10843 |     output_rows_ptr: u64,
10844 |     output_rows_bytes: usize,
      |     ^^^^^^^^^^^^^^^^^
10845 |     groups_ptr: u64,
      |     ^^^^^^^^^^
10846 |     groups_bytes: usize,
      |     ^^^^^^^^^^^^
10847 |     start_cols_ptr: u64,
10848 |     start_cols_bytes: usize,
      |     ^^^^^^^^^^^^^^^^
10849 |     widths_ptr: u64,
10850 |     widths_bytes: usize,
      |     ^^^^^^^^^^^^
      |
      = note: `HqqPrefillSidecarRegistration` has derived impls for the traits `Clone` and `Debug`, but these are intentionally ignored during dead code analysis

warning: function `validate_hqq4_tensor_desc` is never used
     --> src/gpu_decode.rs:11589:4
      |
11589 | fn validate_hqq4_tensor_desc(
      |    ^^^^^^^^^^^^^^^^^^^^^^^^^

warning: function `build_hqq_tensors` is never used
     --> src/gpu_decode.rs:11720:4
      |
11720 | fn build_hqq_tensors(
      |    ^^^^^^^^^^^^^^^^^

warning: field `size` is never read
     --> src/gpu_decode.rs:12576:5
      |
12573 | struct PinnedMapped {
      |        ------------ field in this struct
...
12576 |     size: usize,
      |     ^^^^

warning: multiple fields are never read
     --> src/gpu_decode.rs:12648:5
      |
12629 | struct CachedKernels {
      |        ------------- fields in this struct
...
12648 |     deepseek_v4_sqrtsoftplus_topk_parallel: cudarc::driver::CudaFunct...
      |     ^^^^^^^^^^^^^^^^^^^^^^^^^^^^^^^^^^^^^^
12649 |     deepseek_v4_sqrtsoftplus_topk_parallel_selection: cudarc::driver:...
12650 |     deepseek_v4_swiglu_bf16: cudarc::driver::CudaFunction,
      |     ^^^^^^^^^^^^^^^^^^^^^^^
...
12660 |     deepseek_v4_sparse_scores: cudarc::driver::CudaFunction,
      |     ^^^^^^^^^^^^^^^^^^^^^^^^^
12661 |     deepseek_v4_gather_selected_kv_scores: cudarc::driver::CudaFunction,
12662 |     deepseek_v4_sparse_output: cudarc::driver::CudaFunction,
      |     ^^^^^^^^^^^^^^^^^^^^^^^^^
...
12666 |     deepseek_v4_compressor_rmsnorm: cudarc::driver::CudaFunction,
      |     ^^^^^^^^^^^^^^^^^^^^^^^^^^^^^^
...
12683 |     dsa_layernorm_rope_key_write: cudarc::driver::CudaFunction,
      |     ^^^^^^^^^^^^^^^^^^^^^^^^^^^^
12684 |     dsa_layernorm_rope_key_write_g: cudarc::driver::CudaFunction,
12685 |     dsa_rope_query_bf16: cudarc::driver::CudaFunction,
      |     ^^^^^^^^^^^^^^^^^^^
12686 |     dsa_rope_query_bf16_g: cudarc::driver::CudaFunction,
12687 |     dsa_reduce_weighted_scores: cudarc::driver::CudaFunction,
      |     ^^^^^^^^^^^^^^^^^^^^^^^^^^
...
12695 |     marlin_gemv_int4: cudarc::driver::CudaFunction,
      |     ^^^^^^^^^^^^^^^^
...
12740 |     apply_gated_attn: cudarc::driver::CudaFunction,
      |     ^^^^^^^^^^^^^^^^
12741 |     // Fused v2 kernels with inline atomic reduction (no separate red...
12742 |     marlin_gemv_int4_v2_fused_f32: cudarc::driver::CudaFunction,
      |     ^^^^^^^^^^^^^^^^^^^^^^^^^^^^^
12743 |     marlin_gemv_int8_v2: cudarc::driver::CudaFunction,
12744 |     marlin_gemv_int8_v2_fused_f32: cudarc::driver::CudaFunction,
      |     ^^^^^^^^^^^^^^^^^^^^^^^^^^^^^
...
12768 |     gqa_attention_g: cudarc::driver::CudaFunction,
      |     ^^^^^^^^^^^^^^^
...
12771 |     gqa_attention_g_bf16: cudarc::driver::CudaFunction,
      |     ^^^^^^^^^^^^^^^^^^^^
...
12806 |     gqa_attention_polar4_g: cudarc::driver::CudaFunction,
      |     ^^^^^^^^^^^^^^^^^^^^^^
      |
      = note: `CachedKernels` has a derived impl for the trait `Clone`, but this is intentionally ignored during dead code analysis

warning: multiple fields are never read
     --> src/gpu_decode.rs:12946:5
      |
12822 | struct GpuDecodeGraph {
      |        -------------- fields in this struct
...
12946 |     d_batch_w13_packed_ptrs: cudarc::driver::CudaSlice<u64>,
      |     ^^^^^^^^^^^^^^^^^^^^^^^
12947 |     d_batch_w13_scales_ptrs: cudarc::driver::CudaSlice<u64>,
      |     ^^^^^^^^^^^^^^^^^^^^^^^
12948 |     d_batch_w2_packed_ptrs: cudarc::driver::CudaSlice<u64>,
      |     ^^^^^^^^^^^^^^^^^^^^^^
12949 |     d_batch_w2_scales_ptrs: cudarc::driver::CudaSlice<u64>,
      |     ^^^^^^^^^^^^^^^^^^^^^^
12950 |     // Device array for batched routing weights: [max_experts_...
12951 |     d_batch_weights: cudarc::driver::CudaSlice<f32>,
      |     ^^^^^^^^^^^^^^^
...
12963 |     batch_upload_ptrs_bytes: usize,  // 4 * max * 8
      |     ^^^^^^^^^^^^^^^^^^^^^^^
12964 |     batch_upload_total_bytes: usize, // 4 * max * 8 + 3 * max * 4
      |     ^^^^^^^^^^^^^^^^^^^^^^^^
...
13092 |     d_gqa_gate_buf: Option<cudarc::driver::CudaSlice<f32>>,
      |     ^^^^^^^^^^^^^^

warning: fields `eid` and `buf_idx` are never read
     --> src/gpu_decode.rs:13678:5
      |
13677 | struct PrefetchStagedExpert {
      |        -------------------- fields in this struct
13678 |     eid: usize,
      |     ^^^
13679 |     buf_idx: usize,
      |     ^^^^^^^
      |
      = note: `PrefetchStagedExpert` has a derived impl for the trait `Clone`, but this is intentionally ignored during dead code analysis

warning: field `hqq_bf16_weight_bufs` is never read
     --> src/gpu_decode.rs:16299:5
      |
16194 | pub struct GpuDecodeStore {
      |            -------------- field in this struct
...
16299 |     hqq_bf16_weight_bufs: Vec<CudaSlice<u16>>,
      |     ^^^^^^^^^^^^^^^^^^^^

warning: methods `hqq4_dequant_to_bf16` and `materialize_hqq_gqa_decode_weights` are never used
     --> src/gpu_decode.rs:18944:8
      |
16331 | impl GpuDecodeStore {
      | ------------------- methods in this implementation
...
18944 |     fn hqq4_dequant_to_bf16(
      |        ^^^^^^^^^^^^^^^^^^^^
...
19726 |     fn materialize_hqq_gqa_decode_weights(&mut self, layer_idx: usize...
      |        ^^^^^^^^^^^^^^^^^^^^^^^^^^^^^^^^^^

warning: methods `execute_dsa_owner_scores`, `execute_dsa_owner_scores_for_graph`, `execute_dsa_owner_scores_graphable`, `execute_dsa_owner_topk_graphable`, `execute_dsa_owner_topk`, and `execute_dsa_owner_topk_for_graph` are never used
     --> src/gpu_decode.rs:31581:8
      |
31580 | impl GpuDecodeStore {
      | ------------------- methods in this implementation
31581 |     fn execute_dsa_owner_scores(
      |        ^^^^^^^^^^^^^^^^^^^^^^^^
...
33161 |     fn execute_dsa_owner_scores_for_graph(
      |        ^^^^^^^^^^^^^^^^^^^^^^^^^^^^^^^^^^
...
33404 |     fn execute_dsa_owner_scores_graphable(
      |        ^^^^^^^^^^^^^^^^^^^^^^^^^^^^^^^^^^
...
33696 |     fn execute_dsa_owner_topk_graphable(
      |        ^^^^^^^^^^^^^^^^^^^^^^^^^^^^^^^^
...
34275 |     fn execute_dsa_owner_topk(
      |        ^^^^^^^^^^^^^^^^^^^^^^
...
34284 |     fn execute_dsa_owner_topk_for_graph(
      |        ^^^^^^^^^^^^^^^^^^^^^^^^^^^^^^^^

warning: constant `COLD_EXPERT_HELPERS_PTX` is never used
  --> src/gpu_prefill.rs:33:7
   |
33 | const COLD_EXPERT_HELPERS_PTX: &str = include_str!(concat!(env!("OUT_DIR...
   |       ^^^^^^^^^^^^^^^^^^^^^^^

warning: function `diag_compute_moe_accum_last_cpu_from_sorted_rows` is never used
    --> src/gpu_prefill.rs:4267:4
     |
4267 | fn diag_compute_moe_accum_last_cpu_from_sorted_rows(
     |    ^^^^^^^^^^^^^^^^^^^^^^^^^^^^^^^^^^^^^^^^^^^^^^^^

warning: constant `MARLIN_MAX_BLOCKS_PER_SM` is never used
    --> src/gpu_prefill.rs:4695:7
     |
4695 | const MARLIN_MAX_BLOCKS_PER_SM: usize = 4;
     |       ^^^^^^^^^^^^^^^^^^^^^^^^

warning: multiple fields are never read
    --> src/gpu_prefill.rs:5600:5
     |
5594 | pub struct PrefillKernels {
     |            -------------- fields in this struct
...
5600 |     scale_bf16: RawCuFunc,
     |     ^^^^^^^^^^
...
5648 |     deepseek_v4_sparse_scores: RawCuFunc,
     |     ^^^^^^^^^^^^^^^^^^^^^^^^^
...
5656 |     deepseek_v4_sparse_output_cached_exp: RawCuFunc,
     |     ^^^^^^^^^^^^^^^^^^^^^^^^^^^^^^^^^^^^
5657 |     deepseek_v4_compressor_pool_prefill: RawCuFunc,
     |     ^^^^^^^^^^^^^^^^^^^^^^^^^^^^^^^^^^^
5658 |     deepseek_v4_compressor_state_prefill: RawCuFunc,
     |     ^^^^^^^^^^^^^^^^^^^^^^^^^^^^^^^^^^^^
5659 |     deepseek_v4_compressor_decode: RawCuFunc,
     |     ^^^^^^^^^^^^^^^^^^^^^^^^^^^^^
...
5677 |     moe_sum_reduce: RawCuFunc,
     |     ^^^^^^^^^^^^^^
5678 |     gqa_prefill: RawCuFunc,
     |     ^^^^^^^^^^^
...
5701 |     causal_conv1d: RawCuFunc,
     |     ^^^^^^^^^^^^^
...
5749 |     fp32_to_bf16_batch: RawCuFunc,
     |     ^^^^^^^^^^^^^^^^^^
...
5762 |     la_compute_v_new: RawCuFunc,
     |     ^^^^^^^^^^^^^^^^
5763 |     la_chunk_output: RawCuFunc,
     |     ^^^^^^^^^^^^^^^
5764 |     la_state_update: RawCuFunc,
     |     ^^^^^^^^^^^^^^^
...
5768 |     la_fp32_to_bf16: RawCuFunc,
     |     ^^^^^^^^^^^^^^^
...
5810 |     moe_gather_sorted: RawCuFunc,
     |     ^^^^^^^^^^^^^^^^^
5811 |     moe_replicate_hidden: RawCuFunc,
5812 |     moe_scatter_fused: RawCuFunc,
     |     ^^^^^^^^^^^^^^^^^

warning: methods `diag_compute_la_gated_rmsnorm_last_cpu`, `diag_compute_fla_g_cumsum_last_cpu_from_gate_f32`, `upload_tokens`, `launch_scale_bf16`, and `forward_gqa` are never used
     --> src/gpu_prefill.rs:19405:8
      |
 8550 | impl PrefillEngine {
      | ------------------ methods in this implementation
...
19405 |     fn diag_compute_la_gated_rmsnorm_last_cpu(
      |        ^^^^^^^^^^^^^^^^^^^^^^^^^^^^^^^^^^^^^^
...
19911 |     fn diag_compute_fla_g_cumsum_last_cpu_from_gate_f32(
      |        ^^^^^^^^^^^^^^^^^^^^^^^^^^^^^^^^^^^^^^^^^^^^^^^^
...
27518 |     fn upload_tokens(&self, token_ids: &[u32]) -> Result<(), String> {
      |        ^^^^^^^^^^^^^
...
28170 |     fn launch_scale_bf16(
      |        ^^^^^^^^^^^^^^^^^
...
36037 |     fn forward_gqa(&self, layer_idx: usize, m: usize) -> Result<(), S...
      |        ^^^^^^^^^^^

warning: methods `stats` and `completion_event` are never used
   --> src/synthetic_repack.rs:321:19
    |
155 | impl SyntheticRepackRing {
    | ------------------------ methods in this implementation
...
321 |     pub(crate) fn stats(&self) -> SyntheticRepackStats {
    |                   ^^^^^
...
476 |     pub(crate) fn completion_event(&self) -> Option<cuda_sys::CUevent> {
    |                   ^^^^^^^^^^^^^^^^

warning: function `cpu_expert_byte_sizes_mixed` is never used
    --> src/weights/mod.rs:2074:4
     |
2074 | fn cpu_expert_byte_sizes_mixed(
     |    ^^^^^^^^^^^^^^^^^^^^^^^^^^^

warning: function `read_marlin_expert` is never used
    --> src/weights/mod.rs:7088:4
     |
7088 | fn read_marlin_expert(
     |    ^^^^^^^^^^^^^^^^^^

warning: function `read_unified_expert_cpu` is never used
    --> src/weights/mod.rs:7234:4
     |
7234 | fn read_unified_expert_cpu(
     |    ^^^^^^^^^^^^^^^^^^^^^^^

warning: function `read_unified_expert_cpu_mixed` is never used
    --> src/weights/mod.rs:7345:4
     |
7345 | fn read_unified_expert_cpu_mixed(
     |    ^^^^^^^^^^^^^^^^^^^^^^^^^^^^^

warning: structure field `mamba2_A` should have a snake case name
    --> src/gpu_prefill.rs:7846:9
     |
7846 |     pub mamba2_A: u64,
     |         ^^^^^^^^ help: convert the identifier to snake case: `mamba2_a`
     |
     = note: `#[warn(non_snake_case)]` (part of `#[warn(nonstandard_style)]`) on by default

warning: structure field `mamba2_D` should have a snake case name
    --> src/gpu_prefill.rs:7848:9
     |
7848 |     pub mamba2_D: u64,
     |         ^^^^^^^^ help: convert the identifier to snake case: `mamba2_d`

warning: variable `parallel_dA_cumsum_owned` should have a snake case name
     --> src/gpu_prefill.rs:42830:17
      |
42830 |             let parallel_dA_cumsum_owned = if mamba2_ssd_parallel_chu...
      |                 ^^^^^^^^^^^^^^^^^^^^^^^^ help: convert the identifier to snake case: `parallel_d_a_cumsum_owned`

warning: variable `parallel_dA_cumsum` should have a snake case name
     --> src/gpu_prefill.rs:42838:17
      |
42838 |             let parallel_dA_cumsum = parallel_dA_cumsum_owned.as_ref();
      |                 ^^^^^^^^^^^^^^^^^^ help: convert the identifier to snake case: `parallel_d_a_cumsum`

warning: variable `parallel_dA_cumsum` should have a snake case name
     --> src/gpu_prefill.rs:43116:21
      |
43116 |                 let parallel_dA_cumsum = parallel_dA_cumsum
      |                     ^^^^^^^^^^^^^^^^^^ help: convert the identifier to snake case: `parallel_d_a_cumsum`

warning: variable `parallel_dA_cumsum` should have a snake case name
     --> src/gpu_prefill.rs:43737:21
      |
43737 |                 let parallel_dA_cumsum = parallel_dA_cumsum
      |                     ^^^^^^^^^^^^^^^^^^ help: convert the identifier to snake case: `parallel_d_a_cumsum`

Sampling 300 real experts (19464192 bytes each) with Zstd 1.5.5 level 1
  verified 25/300 experts
  verified 50/300 experts
  verified 75/300 experts
  verified 100/300 experts
  verified 125/300 experts
  verified 150/300 experts
  verified 175/300 experts
  verified 200/300 experts
  verified 225/300 experts
  verified 250/300 experts
  verified 275/300 experts
  verified 300/300 experts
{
  "schema_version": 1,
  "source_cache": "/home/main/.krasis/cache/GLM-5.2/experts_marlin_int4_g128_calamax.bin",
  "source_cache_bytes": 375172300864,
  "model_config": "/home/main/.krasis/models/GLM-5.2/config.json",
  "heatmap": "benchmarks/approved_heatmaps/glm52_hqq4_k4v4_approved_heatmap.json",
  "heatmap_decode_tokens": 20437,
  "zstd_version": "1.5.5",
  "zstd_level": 1,
  "header": {
    "version": 7,
    "hidden_size": 6144,
    "intermediate_size": 2048,
    "experts_per_layer": 256,
    "moe_layers": 75,
    "group_size": 128,
    "config_hash": 5943034228358477982,
    "shared_experts": 1,
    "calibration_tag": 0
  },
  "experts_gated": true,
  "expert_bytes": 19464192,
  "stream_layout_bytes": [
    12582912,
    393216,
    6291456,
    196608
  ],
  "sample": {
    "sample_count": 300,
    "nonzero_cold_population": 14681,
    "hottest_sample_count": 881,
    "coldest_sample_count": 1,
    "every_decompression_bit_exact": true
  },
  "generic_zstd": {
    "original_bytes": 5839257600,
    "compressed_bytes": 4885847680,
    "aggregate_ratio": 0.8367241205457351,
    "aggregate_saving_pct": 16.32758794542649,
    "mean_expert_ratio": 0.8367241205457353,
    "minimum_expert_ratio": 0.34995159316143204,
    "maximum_expert_ratio": 0.8446208298808396
  },
  "four_native_stream_zstd": {
    "original_bytes": 5839257600,
    "compressed_bytes": 4885857969,
    "aggregate_ratio": 0.8367258825847999,
    "aggregate_saving_pct": 16.327411741520017,
    "mean_expert_ratio": 0.8367258825847997,
    "minimum_expert_ratio": 0.34995431611032196,
    "maximum_expert_ratio": 0.8446102463436448
  },
  "format_aware_twenty_stream_zstd": {
    "original_bytes": 5839257600,
    "compressed_bytes": 4870321710,
    "aggregate_ratio": 0.8340652260314736,
    "aggregate_saving_pct": 16.59347739685264,
    "mean_expert_ratio": 0.8340652260314728,
    "minimum_expert_ratio": 0.3508272010469276,
    "maximum_expert_ratio": 0.8420364945023148
  },
  "entropy": {
    "aggregate_nibble_bits": 3.3754286703231045,
    "aggregate_nibble_theoretical_packed_ratio": 0.8438571675807761,
    "nibble_lane_bits": [
      3.375821164205587,
      3.3751273705878844,
      3.3759192409027357,
      3.3751719439444337,
      3.375053837684631,
      3.375618026192572,
      3.375083883060665,
      3.3756329394095994
    ],
    "scale_low_byte_bits": 6.716617564077549,
    "scale_high_byte_bits": 0.6968144290941691
  },
  "peer": {
    "primary_resident_experts": 3887,
    "peer_free_bytes": 20831010816,
    "safety_bytes": 629145600,
    "peer_usable_bytes": 20201865216,
    "peer_expert_capacity": 1037,
    "total_heatmap_routes_per_token": 597.6513186866957,
    "primary_heatmap_hits_per_token": 331.2926065469492,
    "heatmap_cold_routes_before_peer_per_token": 266.35871213974656,
    "peer_heatmap_hits_per_token": 41.834662621715516,
    "heatmap_cold_routes_after_peer_per_token": 224.52404951803103,
    "peer_fraction_of_primary_cold_routes": 0.15706136392402564,
    "recorded_cold_routes_per_token": 205.9,
    "implied_recorded_routes_caught_per_token": 32.338934831956884,
    "implied_bytes_avoided_per_token": 629451236.6446965,
    "implied_transfer_ms_avoided_per_token": 24.200355118981026
  }
}
