================================================================
Krasis Benchmark — 2026-08-21 00:47:06
================================================================
Model:            Ornith-1.0-397B
Architecture:     qwen3_5_moe_text, 60 layers, 512 experts, top-10, 15 GQA + 45 linear
PP Partition:     [60] (1 GPUs)

Hardware:
  CPU:            AMD EPYC 7742 64-Core Processor (64 cores)
  RAM:            995 GB total, 209.1 GB used by process
  GPU 0:           NVIDIA RTX A6000 (49140 MB), 6582 MB allocated

Quantization:
  GPU experts:    INT4 (Marlin)
  CPU experts:    INT4
  Attention:      HQQ6
  Shared expert:  INT8
  Dense MLP:      INT8
  LM head:        INT8
  KV cache:       k6v6

Strategy:
  Layer group size: 2 (layer_grouped(2))
  Prefill threshold: 1
  Mode:           gpu_decode (layer_grouped(2))

Prefill (internal) — 6 runs at different lengths:
  Run 1:  111.2 tok/s (1,000 tokens in 8994.0ms)
  Run 2:  339.0 tok/s (5,000 tokens in 14749.1ms)
  Run 3:  488.5 tok/s (10,000 tokens in 20468.8ms)
  Run 4:  601.8 tok/s (20,000 tokens in 33234.9ms)
  Run 5:  577.8 tok/s (35,000 tokens in 60579.1ms)
  Run 6:  595.5 tok/s (39,920 tokens in 67037.1ms)
  Best:   601.8 tok/s (20,000 tokens)

Decode (internal) — 50/100/250 tokens, 3 separate prompts:
   50 tokens: 7.80 tok/s (128.2ms/tok)
  100 tokens: 7.64 tok/s (130.9ms/tok)
  250 tokens: 7.21 tok/s (138.7ms/tok)
  Best:    7.80 tok/s
  HCS:     5010/30720 experts (16.3%)
  Min free VRAM: 1042 MB

Round trip (network) — 50/100/250 tokens via HTTP:
   50 tokens: 12.23 tok/s (11.58s total)
  100 tokens: 9.41 tok/s (18.60s total)
  250 tokens: 7.83 tok/s (39.60s total)
  Best:    12.23 tok/s
================================================================
