================================================================
Krasis Benchmark — 2026-08-13 23:22:10
================================================================
Model:            Ornith-1.0-397B
Architecture:     qwen3_5_moe_text, 60 layers, 512 experts, top-10, 15 GQA + 45 linear
PP Partition:     [60] (1 GPUs)

Hardware:
  CPU:            AMD EPYC 7742 64-Core Processor (64 cores)
  RAM:            995 GB total, 209.2 GB used by process
  GPU 0 (physical 1): NVIDIA RTX PRO 6000 Blackwell Workstation Edition (97887 MB), 6592 MB allocated

Quantization:
  GPU experts:    INT4 (Marlin)
  CPU experts:    INT4
  Attention:      HQQ6
  Shared expert:  INT8
  Dense MLP:      INT8
  LM head:        INT8
  KV cache:       k4v4

Strategy:
  Layer group size: 2 (layer_grouped(2))
  Prefill threshold: 1
  Mode:           gpu_decode (layer_grouped(2))

Prefill (internal) — 6 runs at different lengths:
  Run 1:  173.8 tok/s (1,000 tokens in 5752.3ms)
  Run 2:  688.2 tok/s (5,000 tokens in 7265.2ms)
  Run 3:  1,143.3 tok/s (10,000 tokens in 8746.4ms)
  Run 4:  1,601.0 tok/s (20,000 tokens in 12492.5ms)
  Run 5:  1,942.1 tok/s (35,000 tokens in 18021.4ms)
  Run 6:  1,994.4 tok/s (39,920 tokens in 20015.9ms)
  Best:   1,994.4 tok/s (39,920 tokens)

Decode (internal) — 50/100/250 tokens, 3 separate prompts:
   50 tokens: 20.67 tok/s (48.4ms/tok)
  100 tokens: 19.53 tok/s (51.2ms/tok)
  250 tokens: 18.46 tok/s (54.2ms/tok)
  Best:    20.67 tok/s
  HCS:     12874/30720 experts (41.9%)
  Min free VRAM: 1201 MB

Round trip (network) — 50/100/250 tokens via HTTP:
   50 tokens: 36.06 tok/s (7.49s total)
  100 tokens: 24.10 tok/s (10.16s total)
  250 tokens: 19.67 tok/s (18.72s total)
  Best:    36.06 tok/s
================================================================
