================================================================
Krasis Benchmark — 2026-07-14 22:25:50
================================================================
Model:            Step-3.7-Flash
Architecture:     step3p5, 45 layers, 288 experts, top-8, 45 GQA + 0 linear
PP Partition:     [45] (1 GPUs)

Hardware:
  CPU:            AMD EPYC 7742 64-Core Processor (64 cores)
  RAM:            1007 GB total, 103.4 GB used by process
  GPU 0:           NVIDIA GeForce RTX 5090 (32607 MB), 5003 MB allocated

Quantization:
  GPU experts:    INT4 (Marlin)
  CPU experts:    INT4
  Attention:      HQQ4
  Shared expert:  INT8
  Dense MLP:      INT8
  LM head:        INT8
  KV cache:       k4v4

Strategy:
  Layer group size: 2 (layer_grouped(2))
  Prefill threshold: 1
  Mode:           gpu_decode (layer_grouped(2))

Prefill (internal) — 4 runs at different lengths:
  Run 1:  260.5 tok/s (1,000 tokens in 3838.1ms)
  Run 2:  1,163.6 tok/s (5,000 tokens in 4297.2ms)
  Run 3:  2,040.4 tok/s (10,000 tokens in 4901.1ms)
  Run 4:  2,618.4 tok/s (14,473 tokens in 5527.4ms)
  Best:   2,618.4 tok/s (14,473 tokens)

Decode (internal) — 50/100/250 tokens, 3 separate prompts:
   50 tokens: 21.16 tok/s (47.3ms/tok)
  100 tokens: 23.05 tok/s (43.4ms/tok)
  250 tokens: 21.18 tok/s (47.2ms/tok)
  Best:    23.05 tok/s
  HCS:     2784/12096 experts (23.0%)
  Min free VRAM: 884 MB

Round trip (network) — 50/100/250 tokens via HTTP:
   50 tokens: 36.11 tok/s (7.28s total)
  100 tokens: 28.72 tok/s (9.42s total)
  250 tokens: 22.42 tok/s (16.12s total)
  Best:    36.11 tok/s
================================================================
