================================================================
Krasis Benchmark — 2026-07-01 08:12:14
================================================================
Model:            NVIDIA-Nemotron-3-Super-120B-A12B-BF16
Architecture:     nemotron_h, 88 layers, 512 experts, top-22, 8 GQA + 80 linear
PP Partition:     [88] (1 GPUs)

Hardware:
  CPU:            AMD EPYC 7742 64-Core Processor (64 cores)
  RAM:            1007 GB total, 58.3 GB used by process
  GPU 0:           NVIDIA GeForce RTX 5090 (32607 MB), 16465 MB allocated

Quantization:
  GPU experts:    INT4 (Marlin)
  CPU experts:    INT4
  Attention:      HQQ4
  Shared expert:  INT8
  Dense MLP:      INT8
  LM head:        INT8
  KV cache:       k4v4

Strategy:
  Layer group size: 2 (layer_grouped(2))
  Prefill threshold: 1
  Mode:           gpu_decode (layer_grouped(2))

Prefill (internal) — 3 runs at different lengths:
  Run 1:  370.4 tok/s (1,001 tokens in 2702.8ms)
  Run 2:  1,142.6 tok/s (5,001 tokens in 4376.8ms)
  Run 3:  1,146.5 tok/s (5,028 tokens in 4385.3ms)
  Best:   1,146.5 tok/s (5,028 tokens)

Decode (internal) — 50/100/250 tokens, 3 separate prompts:
   50 tokens: 17.56 tok/s (57.0ms/tok)
  100 tokens: 17.39 tok/s (57.5ms/tok)
  250 tokens: 15.95 tok/s (62.7ms/tok)
  Best:    17.56 tok/s
  HCS:     2484/20480 experts (12.1%)
  Min free VRAM: 5838 MB

Round trip (network) — 50/100/250 tokens via HTTP:
   50 tokens: 29.87 tok/s (3.77s total)
  100 tokens: 21.75 tok/s (6.56s total)
  250 tokens: 17.11 tok/s (16.54s total)
  Best:    29.87 tok/s
================================================================
