================================================================
Krasis Benchmark — 2026-08-30 15:52:37
================================================================
Model:            GLM-5.3-Flash
Architecture:     glm5_next_text, 45 layers, 288 experts, top-8, 11 GQA + 34 linear
PP Partition:     [45] (1 GPUs)

Hardware:
  CPU:            AMD EPYC 7742 64-Core Processor (64 cores)
  RAM:            995 GB total, 162.4 GB used by process
  GPU 0 (physical 1): NVIDIA RTX PRO 6000 Blackwell Workstation Edition (97887 MB), 5883 MB allocated

Quantization:
  GPU experts:    INT4 (Marlin)
  CPU experts:    INT4
  Attention:      HQQ6
  Shared expert:  INT8
  Dense MLP:      INT8
  LM head:        INT8
  KV cache:       k6v6

Strategy:
  Layer group size: 1 (layer_grouped(1))
  Prefill threshold: 1
  Mode:           gpu_decode (layer_grouped(1))

Prefill (internal) — 6 runs at different lengths:
  Run 1:  120.8 tok/s (1,000 tokens in 8281.0ms)
  Run 2:  527.9 tok/s (5,000 tokens in 9472.0ms)
  Run 3:  848.6 tok/s (10,000 tokens in 11784.0ms)
  Run 4:  1,214.6 tok/s (20,000 tokens in 16466.0ms)
  Run 5:  1,408.4 tok/s (35,000 tokens in 24851.1ms)
  Run 6:  1,433.9 tok/s (39,920 tokens in 27839.8ms)
  Best:   1,433.9 tok/s (39,920 tokens)

Decode (internal) — 50/100/250 tokens, 3 separate prompts:
   50 tokens: 22.59 tok/s (44.3ms/tok)
  100 tokens: 24.69 tok/s (40.5ms/tok)
  250 tokens: 23.98 tok/s (41.7ms/tok)
  Best:    24.69 tok/s
  HCS:     6540/12096 experts (54.1%)
  Min free VRAM: 1277 MB

Round trip (network) — 50/100/250 tokens via HTTP:
   50 tokens: 41.30 tok/s (10.41s total)
  100 tokens: 31.85 tok/s (12.31s total)
  250 tokens: 25.67 tok/s (18.88s total)
  Best:    41.30 tok/s
================================================================
