================================================================
Krasis Benchmark — 2026-08-30 15:24:41
================================================================
Model:            GLM-5.3-Flash
Architecture:     glm5_next_text, 45 layers, 288 experts, top-8, 11 GQA + 34 linear
PP Partition:     [45] (1 GPUs)

Hardware:
  CPU:            AMD EPYC 7742 64-Core Processor (64 cores)
  RAM:            995 GB total, 162.4 GB used by process
  GPU 0 (physical 1): NVIDIA RTX PRO 6000 Blackwell Workstation Edition (97887 MB), 5883 MB allocated

Quantization:
  GPU experts:    INT4 (Marlin)
  CPU experts:    INT4
  Attention:      HQQ6
  Shared expert:  INT8
  Dense MLP:      INT8
  LM head:        INT8
  KV cache:       k6v6

Strategy:
  Layer group size: 1 (layer_grouped(1))
  Prefill threshold: 1
  Mode:           gpu_decode (layer_grouped(1))

Prefill (internal) — 6 runs at different lengths:
  Run 1:  122.1 tok/s (1,000 tokens in 8186.8ms)
  Run 2:  528.0 tok/s (5,000 tokens in 9469.9ms)
  Run 3:  836.9 tok/s (10,000 tokens in 11948.9ms)
  Run 4:  1,213.2 tok/s (20,000 tokens in 16485.0ms)
  Run 5:  1,409.3 tok/s (35,000 tokens in 24835.1ms)
  Run 6:  1,442.8 tok/s (39,920 tokens in 27667.5ms)
  Best:   1,442.8 tok/s (39,920 tokens)

Decode (internal) — 50/100/250 tokens, 3 separate prompts:
   50 tokens: 21.03 tok/s (47.6ms/tok)
  100 tokens: 25.75 tok/s (38.8ms/tok)
  250 tokens: 23.70 tok/s (42.2ms/tok)
  Best:    25.75 tok/s
  HCS:     6540/12096 experts (54.1%)
  Min free VRAM: 1277 MB

Round trip (network) — 50/100/250 tokens via HTTP:
   50 tokens: 30.76 tok/s (10.81s total)
  100 tokens: 32.13 tok/s (12.45s total)
  250 tokens: 25.57 tok/s (19.09s total)
  Best:    32.13 tok/s
================================================================
