[0;36m[1m=>[0m Waiting for selected GPUs (0) to clear...
[0;32m[1mOK[0m Selected GPUs (0) clear.
[0;36m[1m=>[0m Running standard benchmark: tests/ornith397-stats-hqq4-k4v4.conf
[0;36m[1m=>[0m Run dir: /tmp/krasis-ornith-stats/logs/dev-benchmark_20260716_215559
[0;36m[1m=>[0m Log: /tmp/krasis-ornith-stats/logs/dev-benchmark_20260716_215559/benchmark_stdout.log
[0;36m[1m=>[0m Import origin check:
krasis: /tmp/krasis-ornith-stats/python/krasis/__init__.py
krasis.krasis: /tmp/krasis-ornith-stats/python/krasis/krasis.cpython-311-x86_64-linux-gnu.so
Pre-scan: set CUDA_VISIBLE_DEVICES=0
Loaded config from tests/ornith397-stats-hqq4-k4v4.conf: {'model_path': '/home/main/.krasis/models/deepreinforce-ai/Ornith-1.0-397B', 'selected_gpus': '0', 'num_gpus': 1, 'layer_group_size': 2, 'kv_cache_mb': 1500, 'kv_dtype': 'k4v4', 'gpu_expert_bits': 4, 'cpu_expert_bits': 4, 'attention_quant': 'hqq4', 'hqq_group_size': 128, 'shared_expert_quant': 'int8', 'dense_mlp_quant': 'int8', 'lm_head_quant': 'int8', 'krasis_threads': 40, 'host': '0.0.0.0', 'port': 18211, 'gpu_prefill_threshold': 300, 'vram_safety_margin': 600, 'force_load': False, 'enable_thinking': False}

[1m[36m▸ Krasis — Ornith-1.0-397B[0m
  [32mDecode: GPU  |  HCS: on  |  GPUs: 1[0m
  [32mHCS host cache: source[0m
  [32mSelected physical GPUs: 0 (config; CUDA_VISIBLE_DEVICES=0)[0m
  [32mExperts: GPU INT4 g128 (amax)  |  Attention: hqq4  |  KV: k4v4[0m
  [32mLayer groups: 2  |  KV cache: 1500 MB  |  Threads: 40[0m
  [2mGPU-only mode: CPU expert weights and CPU decoder skipped[0m

[1m[36m▸ Loading model weights[0m
  [33m[VRAM before-load][0m cuda:0: alloc=0 MB, reserved=0 MB, used=518 MB, free=31600 MB, total=32119 MB

[1m[36m▸ Loading GPU weights[0m
  [33m[VRAM after-phase1-gpu-weights][0m cuda:0: alloc=14481 MB, reserved=14612 MB, used=15298 MB, free=16820 MB, total=32119 MB
  [0;32mHQQ attention artifacts validated (4265 MB cached), 16820 MB free[0m

[1m[36m▸ Loading GPU expert weights from cache[0m
    Loading GPU Marlin cache: 60 layers...
    GPU Marlin cache loaded: 199.7 GB in 143s
  [0;32mExpert weights loaded in 144s.[0m
  [33m[VRAM after-phase2-expert-weights][0m cuda:0: alloc=14481 MB, reserved=14612 MB, used=15298 MB, free=16820 MB, total=32119 MB
  [33m[VRAM after-phase3-prefill-managers][0m cuda:0: alloc=14481 MB, reserved=14612 MB, used=15298 MB, free=16820 MB, total=32119 MB
  [33m[VRAM after-kv-cache-init][0m cuda:0: alloc=15981 MB, reserved=16112 MB, used=16798 MB, free=15320 MB, total=32119 MB
  [33m[VRAM after-full-load][0m cuda:0: alloc=15981 MB, reserved=16112 MB, used=16798 MB, free=15320 MB, total=32119 MB

[1m[36m▸ CUDA runtime warmup[0m
  [32mcuBLAS + Triton kernel compilation done[0m

[1m[36m▸ Setting up GPU decode store[0m
  [32mGPU decode store ready (addr=0x627f4bb0)[0m
  [32mReleased redundant GPU execution source tensors (1,450 MB)[0m
  [2mVRAM monitor started (tracking warmup)[0m
  [2mcuda:0: 0 MB total[0m

[1m[36m▸ Pre-allocating Rust prefill engine[0m
[FLA] Loading kernels for H=64 from /tmp/krasis-ornith-stats/python/krasis/libkrasis_fla_sm120.so
[FLA] loaded krasis_fla_chunk_local_cumsum_scalar_kernel (H=64)
[FLA] loaded krasis_fla_chunk_scaled_dot_kkt_fwd_kernel (H=64)
[FLA] loaded krasis_fla_merge_16x16_to_64x64_inverse_kernel (H=64)
[FLA] loaded krasis_fla_recompute_w_u_fwd_kernel (H=64)
[FLA] loaded krasis_fla_chunk_gated_delta_rule_fwd_kernel_h_blockdim64 (H=64)
[FLA] loaded krasis_fla_chunk_fwd_kernel_o (H=64)
  [32mPrefill engine scratch buffers allocated[0m

[1m[36m▸ Warmup (Rust prefill engine)[0m
  [32mRust prefill warmed with 300 tokens before HCS budgeting[0m
  [32mWarmup complete in 2.7s[0m
  [2mcuda:0 warmup:  peak 15,816 MB used / 32,119 MB total  (min free: 16,302 MB)[0m

[1m[36m▸ VRAM calibration[0m
  [32mSafety margin: 600 MB[0m
  [32mFree VRAM after startup: 17,874 MB / 32,119 MB[0m
  [32mShort calibration: probing 500 prompt tokens + 32 decode tokens[0m
  [32mdecode: 32 tokens in 8.17s (3.9 tok/s)  VRAM: 17820 MB free now, 17820 MB min free during decode[0m
  [32mShort calibration: baseline=17,874 MB, prefill post-alloc=16,726 MB, prefill min=13,910 MB, decode min=17,820 MB, post-cleanup=17,820 MB[0m
  [32mAdaptive long calibration: default target=39,920 tokens, target low-water floor=1,200 MB, estimated prefill growth=0.8443 MB/token[0m
  [32mAdaptive long calibration: next probe 14,132 tokens (model-estimated initial probe (projected 0.8443 MB/token, validation floor 2400 MB))[0m
  [32mLong calibration: probing 14,132 prompt tokens + 32 decode tokens[0m
  [32mdecode: 32 tokens in 10.00s (3.2 tok/s)  VRAM: 17816 MB free now, 17816 MB min free during decode[0m
  [32mLong calibration: baseline=17,820 MB, prefill post-alloc=4,926 MB, prefill min=1,758 MB, decode min=17,816 MB, post-cleanup=17,816 MB[0m
  [32mAdaptive long calibration: using 14,132 tokens (current low-water 1758 MB leaves no validation reserve above 2400 MB)[0m
  [32mScratch reservation: max=42,208 MB (at 50,000 tokens)[0m

[1m[36m▸ VRAM calibration complete[0m
  [32mPost-calibration free VRAM: 17,816 MB[0m
  [32mTransient deltas: short prefill=3,964 MB, long prefill=16,062 MB, short decode=54 MB, long decode=4 MB[0m
  [32mGPU0 decode HCS budget: 17,162 MB[0m
  [32mPrefill HCS budgets: short=13,252 MB, long=1,154 MB[0m
  [32mWorst-case prefill scratch reservation: 42,208 MB at 50,000 tokens[0m

[1m[36m▸ Calculating HCS budget[0m
  [2mUsing user-provided heatmap: ornith397_397b_hqq4_p00006_approved_heatmap.json[0m
  [32mApproved route heatmap validated against model/router signature and compatible runtime[0m
  [32mHeatmap: 27,712 experts ranked from 27,712 entries[0m
  [2mVRAM calibration: baseline 17816 MB | prefill 908.8 KB/tok, decode -3.8 KB/tok | HCS allowance prefill: short 13252 MB, long 1154 MB | decode: short 17162 MB, long 17212 MB | idle floors prefill=4564 MB decode=654 MB | decode-resident HCS budget=17162 MB[0m
  [2mGPU0 HCS: 30720 experts (27712 ranked + 3008 unranked), reclaimable: 17,162 MB[0m

[1m[36m▸ Loading GPU0 HCS pool (fully reclaimable)[0m

[1m[36m▸ HCS pool loaded[0m
  [32mHCS pool: 0/30720 experts loaded in 0.00s (0.0% coverage), 0.0 MB VRAM, 0 free slots, gpu_route_sync=false, mapped_reads=false | soft: 2740 experts in 1.16s (16953.8 MB, host_mode=source) | total: 2740/30720 (8.9%) coverage[0m
  [2mLoaded in 1.2s[0m

[1m[36m▸ Decode validation[0m
  [32mSkipped: Rust prefill already warmed before HCS budgeting[0m

[1m[36m▸ VRAM monitor: runtime warnings enabled[0m
  [32mSafety margin: 600 MB — warnings on every new low below this[0m
VRAM pressure: evicted 20 soft HCS experts / 1 chunks; free=952 MB after eviction (safety=600 MB, target=848 MB)
  [33mVRAM pressure eviction at startup_ready: evicted 20 soft HCS experts, freed 123.8 MB, final free 952 MB[0m

[1m[32mKRASIS SERVER READY[0m
  [32mModel:[0m    [1mOrnith-1.0-397B[0m
  [32mAddress:[0m  [1m0.0.0.0:18211[0m
  [32mContext:[0m  163,840 tokens  |  KV cache: 1,500 MB
  [32mDecode:[0m   GPU  |  HCS: on  |  Think: off
  [32mClient setup:[0m
    Base URL:      [1mhttp://127.0.0.1:18211/v1[0m
    Chat endpoint: http://127.0.0.1:18211/v1/chat/completions
    Models:        http://127.0.0.1:18211/v1/models
    API key:       [1mX[0m [2m(any value)[0m
    Model name:    [1mOrnith-1.0-397B-vision[0m
                   [2mvision-capable; use this same model for text and images[0m
  [2mPress Q or Ctrl-C to stop[0m


[1m[36mKRASIS BENCHMARK[0m

[1m[36m▸ Collecting system info[0m
  Model:    [1mOrnith-1.0-397B[0m
  GPUs:     1x NVIDIA GeForce RTX 5090
  Strategy: gpu_decode (layer_grouped(2))

[1m[36m▸ Loading benchmark prompts (warmup + timed at 1K/5K/10K/14,132)[0m
  Prefill sizing:  [33mruntime-calibrated prefill cap 14,132 tokens (long probe low-water 1,754 MB, safety 600 MB)[0m
  Warmup prefill:  3 prompts, ~14,132 tokens each
  Timed prefill:   4 prompts at 1K/5K/10K/14,132 tokens
    [1] 1,000 tokens
    [2] 5,000 tokens
    [3] 10,000 tokens
    [4] 14,132 tokens
  Decode:          6 prompts (50/100/250 tokens, warmup + timed)

[1m[36m▸ Warmup (3 prefill + 3 decode via engine)[0m
  Warmup: 2 short engine requests...
VRAM pressure: evicted 20 soft HCS experts / 1 chunks; free=954 MB after eviction (safety=600 MB, target=848 MB)
VRAM pressure: evicted 20 soft HCS experts / 1 chunks; free=954 MB after eviction (safety=600 MB, target=848 MB)
  [32mdecode: 7 tokens in 0.93s (7.5 tok/s)  VRAM: 954 MB free now, 954 MB min free during decode[0m
  [36mDynamic HCS: hit=51.02% tail=1200/600 protected=1520 promotions=2057 evictions=2057 request_promotions=2057/4200 budget_skips=0 no_slot=0 copy_failures=0[0m
VRAM pressure: evicted 20 soft HCS experts / 1 chunks; free=954 MB after eviction (safety=600 MB, target=848 MB)
VRAM pressure: evicted 20 soft HCS experts / 1 chunks; free=954 MB after eviction (safety=600 MB, target=848 MB)
  [32mdecode: 7 tokens in 1.04s (6.8 tok/s)  VRAM: 954 MB free now, 954 MB min free during decode[0m
  [36mDynamic HCS: hit=43.95% tail=1200/600 protected=1520 promotions=4411 evictions=4411 request_promotions=2354/4200 budget_skips=0 no_slot=0 copy_failures=0[0m
  Warmup complete.
  Prefill warmup (3 runs, ~14,132 tokens each)...
VRAM pressure: evicted 20 soft HCS experts / 1 chunks; free=3306 MB after eviction (safety=600 MB, target=848 MB)
    [1/3] 14,132 tokens
VRAM pressure: evicted 20 soft HCS experts / 1 chunks; free=3306 MB after eviction (safety=600 MB, target=848 MB)
    [2/3] 14,132 tokens
    [3/3] 14,132 tokens
  Decode warmup (50/100/250 tokens, 3 separate prompts)...
VRAM pressure: evicted 20 soft HCS experts / 1 chunks; free=954 MB after eviction (safety=600 MB, target=848 MB)
VRAM pressure: evicted 20 soft HCS experts / 1 chunks; free=954 MB after eviction (safety=600 MB, target=848 MB)
  [32mdecode: 49 tokens in 6.37s (7.7 tok/s)  VRAM: 954 MB free now, 954 MB min free during decode[0m
  [36mDynamic HCS: hit=52.09% tail=1200/600 protected=1520 promotions=18498 evictions=18498 request_promotions=14087/29400 budget_skips=0 no_slot=0 copy_failures=0[0m
    50 tokens done
VRAM pressure: evicted 20 soft HCS experts / 1 chunks; free=956 MB after eviction (safety=600 MB, target=848 MB)
VRAM pressure: evicted 20 soft HCS experts / 1 chunks; free=956 MB after eviction (safety=600 MB, target=848 MB)
  [32mdecode: 99 tokens in 13.11s (7.6 tok/s)  VRAM: 956 MB free now, 956 MB min free during decode[0m
  [36mDynamic HCS: hit=50.90% tail=1200/600 protected=1520 promotions=47661 evictions=47661 request_promotions=29163/59400 budget_skips=0 no_slot=0 copy_failures=0[0m
    100 tokens done
VRAM pressure: evicted 20 soft HCS experts / 1 chunks; free=956 MB after eviction (safety=600 MB, target=848 MB)
VRAM pressure: evicted 20 soft HCS experts / 1 chunks; free=956 MB after eviction (safety=600 MB, target=848 MB)
  [32mdecode: 249 tokens in 34.51s (7.2 tok/s)  VRAM: 956 MB free now, 956 MB min free during decode[0m
  [36mDynamic HCS: hit=49.67% tail=1200/600 protected=1520 promotions=122860 evictions=122860 request_promotions=75199/149400 budget_skips=0 no_slot=0 copy_failures=0[0m
    250 tokens done
  Warmup complete (126.6s). All kernels compiled.

[1m[36m▸ Prefill (internal) — 1K/5K/10K/14,132 tokens, 4 runs[0m
VRAM pressure: evicted 20 soft HCS experts / 1 chunks; free=2566 MB after eviction (safety=600 MB, target=848 MB)
  Run 1: 81.9 tok/s (1,000 tokens in 12206.1ms)
  Run 2: 328.9 tok/s (5,000 tokens in 15201.0ms)
  Run 3: 582.6 tok/s (10,000 tokens in 17164.5ms)
  Run 4: 743.7 tok/s (14,132 tokens in 19001.5ms)
  [1mBest: 743.7 tok/s (14,132 tokens)[0m

[1m[36m▸ Decode (internal) — 50/100/250 tokens, 3 separate prompts[0m
VRAM pressure: evicted 20 soft HCS experts / 1 chunks; free=954 MB after eviction (safety=600 MB, target=848 MB)
VRAM pressure: evicted 20 soft HCS experts / 1 chunks; free=954 MB after eviction (safety=600 MB, target=848 MB)
  [32mdecode: 49 tokens in 6.20s (7.9 tok/s)  VRAM: 954 MB free now, 954 MB min free during decode[0m
  [36mDynamic HCS: hit=54.19% tail=1200/600 protected=1520 promotions=136329 evictions=136329 request_promotions=13469/29400 budget_skips=0 no_slot=0 copy_failures=0[0m
VRAM pressure: evicted 20 soft HCS experts / 1 chunks; free=954 MB after eviction (safety=600 MB, target=848 MB)
VRAM pressure: evicted 20 soft HCS experts / 1 chunks; free=954 MB after eviction (safety=600 MB, target=848 MB)
  [32mdecode: 99 tokens in 12.72s (7.8 tok/s)  VRAM: 954 MB free now, 954 MB min free during decode[0m
  [36mDynamic HCS: hit=53.57% tail=1200/600 protected=1520 promotions=163906 evictions=163906 request_promotions=27577/59400 budget_skips=0 no_slot=0 copy_failures=0[0m
VRAM pressure: evicted 20 soft HCS experts / 1 chunks; free=952 MB after eviction (safety=600 MB, target=848 MB)
VRAM pressure: evicted 20 soft HCS experts / 1 chunks; free=952 MB after eviction (safety=600 MB, target=848 MB)
  [32mdecode: 249 tokens in 34.57s (7.2 tok/s)  VRAM: 952 MB free now, 952 MB min free during decode[0m
  [36mDynamic HCS: hit=48.77% tail=1200/600 protected=1520 promotions=240445 evictions=240445 request_promotions=76539/149400 budget_skips=0 no_slot=0 copy_failures=0[0m
   50 tokens: 7.89 tok/s (126.8ms/tok)
  100 tokens: 7.78 tok/s (128.5ms/tok)
  250 tokens: 7.20 tok/s (138.9ms/tok)
  [1mBest: 7.89 tok/s[0m
  HCS:  2720/30720 experts loaded (8.9%)
  VRAM: 952 MB min free during decode (safety margin: 600 MB)

[1m[36m▸ Round trip (network) — 50/100/250 tokens via HTTP[0m
  [32mprefill: 14 tokens in 5.00s (2.8 tok/s)  VRAM: 5882 MB free now, 4524 MB min free during prefill[0m
VRAM pressure: evicted 20 soft HCS experts / 1 chunks; free=954 MB after eviction (safety=600 MB, target=848 MB)
VRAM pressure: evicted 20 soft HCS experts / 1 chunks; free=954 MB after eviction (safety=600 MB, target=848 MB)
  [32mdecode: 7 tokens in 0.91s (7.7 tok/s)  VRAM: 954 MB free now, 954 MB min free during decode[0m
  [36mDynamic HCS: hit=51.83% tail=1200/600 protected=1520 promotions=242468 evictions=242468 request_promotions=2023/4200 budget_skips=0 no_slot=0 copy_failures=0[0m
  [32mprefill: 61 tokens in 4.26s (14.3 tok/s)  VRAM: 5880 MB free now, 3224 MB min free during prefill[0m
VRAM pressure: evicted 20 soft HCS experts / 1 chunks; free=952 MB after eviction (safety=600 MB, target=848 MB)
VRAM pressure: evicted 20 soft HCS experts / 1 chunks; free=952 MB after eviction (safety=600 MB, target=848 MB)
  [32mdecode: 49 tokens in 6.14s (8.0 tok/s)  VRAM: 952 MB free now, 952 MB min free during decode[0m
  [36mDynamic HCS: hit=54.03% tail=1200/600 protected=1520 promotions=255982 evictions=255982 request_promotions=13514/29400 budget_skips=0 no_slot=0 copy_failures=0[0m
  [32mprefill: 66 tokens in 4.39s (15.0 tok/s)  VRAM: 5878 MB free now, 3086 MB min free during prefill[0m
VRAM pressure: evicted 20 soft HCS experts / 1 chunks; free=950 MB after eviction (safety=600 MB, target=848 MB)
VRAM pressure: evicted 20 soft HCS experts / 1 chunks; free=950 MB after eviction (safety=600 MB, target=848 MB)
  [32mdecode: 99 tokens in 12.78s (7.7 tok/s)  VRAM: 950 MB free now, 950 MB min free during decode[0m
  [36mDynamic HCS: hit=53.03% tail=1200/600 protected=1520 promotions=283885 evictions=283885 request_promotions=27903/59400 budget_skips=0 no_slot=0 copy_failures=0[0m
  [32mprefill: 61 tokens in 6.70s (9.1 tok/s)  VRAM: 5880 MB free now, 3134 MB min free during prefill[0m
VRAM pressure: evicted 20 soft HCS experts / 1 chunks; free=952 MB after eviction (safety=600 MB, target=848 MB)
VRAM pressure: evicted 20 soft HCS experts / 1 chunks; free=952 MB after eviction (safety=600 MB, target=848 MB)
  [32mdecode: 249 tokens in 34.17s (7.3 tok/s)  VRAM: 952 MB free now, 952 MB min free during decode[0m
  [36mDynamic HCS: hit=49.73% tail=1200/600 protected=1520 promotions=358987 evictions=358987 request_promotions=75102/149400 budget_skips=0 no_slot=0 copy_failures=0[0m
   50 tokens: 13.87 tok/s (10.94s total)
  100 tokens: 9.72 tok/s (17.72s total)
  250 tokens: 7.96 tok/s (41.44s total)
  [1mBest: 13.87 tok/s[0m

[1m[36m▸ Writing results[0m

[1m[32mBENCHMARK COMPLETE[0m
  Model:                 [1mOrnith-1.0-397B[0m
  Config:                INT4/4 HQQ4 KV=k4v4 1 GPU
  Prefill (internal):    [32m[1m743.7 tok/s[0m  (best of 1K/5K/10K/14,132)
  Decode (internal):     [32m[1m7.89 tok/s[0m  (best of 50/100/250)
  Round trip (network):  [32m[1m13.87 tok/s[0m  (best of 50/100/250)
  HCS coverage:          2720/30720 (8.9%)
  Min free VRAM:         952 MB
  Log:     [2mlogs/dev-benchmark_20260716_215559/benchmark_report.log[0m

[0;36m[1m=>[0m Benchmark log saved: /tmp/krasis-ornith-stats/logs/dev-benchmark_20260716_215559/benchmark_stdout.log
[0;36m[1m=>[0m Final Dynamic HCS summary: hit=49.73% request_promotions=75102/149400 budget_skips=0 no_slot=0 copy_failures=0
	Command being timed: "./dev approved-heatmap-eval tests/ornith397-stats-hqq4-k4v4.conf benchmarks/approved_heatmaps/ornith397_397b_hqq4_p00006_approved_heatmap.json"
	User time (seconds): 559.55
	System time (seconds): 433.76
	Percent of CPU this job got: 133%
	Elapsed (wall clock) time (h:mm:ss or m:ss): 12:25.12
	Average shared text size (kbytes): 0
	Average unshared data size (kbytes): 0
	Average stack size (kbytes): 0
	Average total size (kbytes): 0
	Maximum resident set size (kbytes): 211748112
	Average resident set size (kbytes): 0
	Major (requiring I/O) page faults: 1198
	Minor (reclaiming a frame) page faults: 120298808
	Voluntary context switches: 223097
	Involuntary context switches: 6328
	Swaps: 0
	File system inputs: 14025600
	File system outputs: 2552
	Socket messages sent: 0
	Socket messages received: 0
	Signals delivered: 0
	Page size (bytes): 4096
	Exit status: 0
