================================================================
Krasis Benchmark — 2026-08-08 00:39:56
================================================================
Model:            GLM-5.2
Architecture:     glm_moe_dsa, 78 layers, 256 experts, top-8
PP Partition:     [78] (2 GPUs)

Hardware:
  CPU:            AMD EPYC 7742 64-Core Processor (64 cores)
  RAM:            995 GB total, 371.5 GB used by process
  GPU 0 (physical 1): NVIDIA RTX PRO 6000 Blackwell Workstation Edition (97887 MB), 11255 MB allocated
  GPU 1 (physical 0): NVIDIA RTX A4500 (20470 MB), 0 MB allocated

Quantization:
  GPU experts:    INT4 (Marlin)
  CPU experts:    INT4
  Attention:      HQQ4
  Shared expert:  INT8
  Dense MLP:      INT8
  LM head:        INT8
  KV cache:       k4v4

Strategy:
  Layer group size: 2 (layer_grouped(2))
  Prefill threshold: 1
  Mode:           gpu_decode (layer_grouped(2))

Prefill (internal) — 2 runs at different lengths:
  Run 1:  45.1 tok/s (1,000 tokens in 22180.6ms)
  Run 2:  44.7 tok/s (3,196 tokens in 71536.1ms)
  Best:   45.1 tok/s (1,000 tokens)

Decode (internal) — 50/100/250 tokens, 3 separate prompts:
   50 tokens: 5.10 tok/s (196.2ms/tok)
  100 tokens: 5.06 tok/s (197.5ms/tok)
  250 tokens: 5.01 tok/s (199.6ms/tok)
  Best:    5.10 tok/s
  HCS:     3887/19200 experts (20.2%)
  Min free VRAM: 1178 MB

Round trip (network) — 50/100/250 tokens via HTTP:
   50 tokens: 8.62 tok/s (21.35s total)
  100 tokens: 6.42 tok/s (31.69s total)
  250 tokens: 5.35 tok/s (62.07s total)
  Best:    8.62 tok/s
================================================================
