================================================================
Krasis Benchmark — 2026-08-30 17:20:02
================================================================
Model:            GLM-5.3-Flash
Architecture:     glm5_next_text, 45 layers, 288 experts, top-8, 11 GQA + 34 linear
PP Partition:     [45] (1 GPUs)

Hardware:
  CPU:            AMD EPYC 7742 64-Core Processor (64 cores)
  RAM:            995 GB total, 228.4 GB used by process
  GPU 0 (physical 1): NVIDIA RTX PRO 6000 Blackwell Workstation Edition (97887 MB), 5883 MB allocated

Quantization:
  GPU experts:    INT4 (Marlin)
  CPU experts:    INT4
  Attention:      HQQ6
  Shared expert:  INT8
  Dense MLP:      INT8
  LM head:        INT8
  KV cache:       k6v6

Strategy:
  Layer group size: 1 (layer_grouped(1))
  Prefill threshold: 1
  Mode:           gpu_decode (layer_grouped(1))

Prefill (internal) — 6 runs at different lengths:
  Run 1:  122.1 tok/s (1,000 tokens in 8190.2ms)
  Run 2:  528.9 tok/s (5,000 tokens in 9453.9ms)
  Run 3:  851.4 tok/s (10,000 tokens in 11745.3ms)
  Run 4:  1,210.3 tok/s (20,000 tokens in 16525.5ms)
  Run 5:  1,418.7 tok/s (35,000 tokens in 24670.4ms)
  Run 6:  1,448.3 tok/s (39,920 tokens in 27563.7ms)
  Best:   1,448.3 tok/s (39,920 tokens)

Decode (internal) — 50/100/250 tokens, 3 separate prompts:
   50 tokens: 20.53 tok/s (48.7ms/tok)
  100 tokens: 23.94 tok/s (41.8ms/tok)
  250 tokens: 22.34 tok/s (44.8ms/tok)
  Best:    23.94 tok/s
  HCS:     6540/12096 experts (54.1%)
  Min free VRAM: 1279 MB

Round trip (network) — 50/100/250 tokens via HTTP:
   50 tokens: 37.74 tok/s (10.70s total)
  100 tokens: 29.09 tok/s (12.81s total)
  250 tokens: 23.53 tok/s (19.94s total)
  Best:    37.74 tok/s
================================================================
