================================================================
Krasis Benchmark — 2026-08-30 03:33:22
================================================================
Model:            GLM-5.3-Flash
Architecture:     glm5_next_text, 45 layers, 288 experts, top-8, 11 GQA + 34 linear
PP Partition:     [45] (2 GPUs)

Hardware:
  CPU:            AMD EPYC 7742 64-Core Processor (64 cores)
  RAM:            995 GB total, 162.7 GB used by process
  GPU 0 (physical 1): NVIDIA RTX PRO 6000 Blackwell Workstation Edition (97887 MB), 5668 MB allocated
  GPU 1 (physical 0): NVIDIA RTX A6000 (49140 MB), 0 MB allocated

Quantization:
  GPU experts:    INT4 (Marlin)
  CPU experts:    INT4
  Attention:      HQQ6
  Shared expert:  INT8
  Dense MLP:      INT8
  LM head:        INT8
  KV cache:       k6v6

Strategy:
  Layer group size: 1 (layer_grouped(1))
  Prefill threshold: 1
  Mode:           gpu_decode (layer_grouped(1))

Prefill (internal) — 2 runs at different lengths:
  Run 1:  122.0 tok/s (1,000 tokens in 8195.8ms)
  Run 2:  366.5 tok/s (3,196 tokens in 8720.5ms)
  Best:   366.5 tok/s (3,196 tokens)

Decode (internal) — 50/100/250 tokens, 3 separate prompts:
   50 tokens: 25.56 tok/s (39.1ms/tok)
  100 tokens: 28.33 tok/s (35.3ms/tok)
  250 tokens: 27.40 tok/s (36.5ms/tok)
  Best:    28.33 tok/s
  HCS:     6580/12096 experts (54.4%)
  Min free VRAM: 1285 MB

Round trip (network) — 50/100/250 tokens via HTTP:
   50 tokens: 44.77 tok/s (10.39s total)
  100 tokens: 35.62 tok/s (12.12s total)
  250 tokens: 30.04 tok/s (17.49s total)
  Best:    44.77 tok/s
================================================================
