================================================================
Krasis Benchmark — 2026-08-13 22:58:37
================================================================
Model:            gemma-4-26b-a4b-it
Architecture:     gemma4_text, 30 layers, 128 experts, top-8, 30 GQA + 0 linear
PP Partition:     [30] (1 GPUs)

Hardware:
  CPU:            AMD EPYC 7742 64-Core Processor (64 cores)
  RAM:            995 GB total, 16.1 GB used by process
  GPU 0 (physical 1): NVIDIA RTX PRO 6000 Blackwell Workstation Edition (97887 MB), 6140 MB allocated

Quantization:
  GPU experts:    INT4 (Marlin)
  CPU experts:    INT4
  Attention:      HQQ6
  Shared expert:  INT8
  Dense MLP:      INT8
  LM head:        INT8
  KV cache:       k4v4

Strategy:
  Layer group size: 2 (layer_grouped(2))
  Prefill threshold: 1
  Mode:           gpu_decode (layer_grouped(2))

Prefill (internal) — 4 runs at different lengths:
  Run 1:  1,966.7 tok/s (1,000 tokens in 508.5ms)
  Run 2:  1,870.2 tok/s (4,999 tokens in 2673.0ms)
  Run 3:  1,076.1 tok/s (10,000 tokens in 9292.5ms)
  Run 4:  913.6 tok/s (11,824 tokens in 12942.2ms)
  Best:   1,966.7 tok/s (1,000 tokens)

Decode (internal) — 50/100/250 tokens, 3 separate prompts:
   50 tokens: 63.72 tok/s (15.7ms/tok)
  100 tokens: 63.89 tok/s (15.7ms/tok)
  250 tokens: 60.66 tok/s (16.5ms/tok)
  Best:    63.89 tok/s
  HCS:     3840/3840 experts (100.0%)
  Min free VRAM: 76775 MB

Round trip (network) — 50/100/250 tokens via HTTP:
   50 tokens: 116.06 tok/s (1.27s total)
  100 tokens: 80.64 tok/s (2.08s total)
  250 tokens: 66.69 tok/s (4.59s total)
  Best:    116.06 tok/s
================================================================
