================================================================
Krasis Benchmark — 2026-08-21 04:14:15
================================================================
Model:            Ornith-1.0-397B
Architecture:     qwen3_5_moe_text, 60 layers, 512 experts, top-10, 15 GQA + 45 linear
PP Partition:     [60] (1 GPUs)

Hardware:
  CPU:            AMD EPYC 7742 64-Core Processor (64 cores)
  RAM:            995 GB total, 209.1 GB used by process
  GPU 0:           NVIDIA RTX A6000 (49140 MB), 6582 MB allocated

Quantization:
  GPU experts:    INT4 (Marlin)
  CPU experts:    INT4
  Attention:      HQQ6
  Shared expert:  INT8
  Dense MLP:      INT8
  LM head:        INT8
  KV cache:       k6v6

Strategy:
  Layer group size: 2 (layer_grouped(2))
  Prefill threshold: 1
  Mode:           gpu_decode (layer_grouped(2))

Prefill (internal) — 6 runs at different lengths:
  Run 1:  115.0 tok/s (1,000 tokens in 8695.4ms)
  Run 2:  466.6 tok/s (5,000 tokens in 10715.0ms)
  Run 3:  703.2 tok/s (10,000 tokens in 14220.9ms)
  Run 4:  794.2 tok/s (20,000 tokens in 25182.0ms)
  Run 5:  738.4 tok/s (35,000 tokens in 47400.2ms)
  Run 6:  773.5 tok/s (39,920 tokens in 51611.8ms)
  Best:   794.2 tok/s (20,000 tokens)

Decode (internal) — 50/100/250 tokens, 3 separate prompts:
   50 tokens: 8.31 tok/s (120.3ms/tok)
  100 tokens: 8.06 tok/s (124.0ms/tok)
  250 tokens: 7.65 tok/s (130.7ms/tok)
  Best:    8.31 tok/s
  HCS:     5010/30720 experts (16.3%)
  Min free VRAM: 1040 MB

Round trip (network) — 50/100/250 tokens via HTTP:
   50 tokens: 12.97 tok/s (11.09s total)
  100 tokens: 10.00 tok/s (17.51s total)
  250 tokens: 8.31 tok/s (37.50s total)
  Best:    12.97 tok/s
================================================================
