================================================================
Krasis Benchmark — 2026-07-23 21:50:37
================================================================
Model:            Step-3.7-Flash
Architecture:     step3p5, 45 layers, 288 experts, top-8, 45 GQA + 0 linear
PP Partition:     [45] (1 GPUs)

Hardware:
  CPU:            AMD EPYC 7742 64-Core Processor (64 cores)
  RAM:            995 GB total, 103.4 GB used by process
  GPU 0 (physical 1): NVIDIA RTX PRO 6000 Blackwell Workstation Edition (97887 MB), 5003 MB allocated

Quantization:
  GPU experts:    INT4 (Marlin)
  CPU experts:    INT4
  Attention:      HQQ4
  Shared expert:  INT8
  Dense MLP:      INT8
  LM head:        INT8
  KV cache:       k4v4

Strategy:
  Layer group size: 2 (layer_grouped(2))
  Prefill threshold: 1
  Mode:           gpu_decode (layer_grouped(2))

Prefill (internal) — 4 runs at different lengths:
  Run 1:  779.8 tok/s (1,000 tokens in 1282.3ms)
  Run 2:  3,007.4 tok/s (5,000 tokens in 1662.6ms)
  Run 3:  4,513.0 tok/s (10,000 tokens in 2215.8ms)
  Run 4:  5,053.2 tok/s (14,473 tokens in 2864.1ms)
  Best:   5,053.2 tok/s (14,473 tokens)

Decode (internal) — 50/100/250 tokens, 3 separate prompts:
   50 tokens: 55.39 tok/s (18.1ms/tok)
  100 tokens: 55.34 tok/s (18.1ms/tok)
  250 tokens: 53.98 tok/s (18.5ms/tok)
  Best:    55.39 tok/s
  HCS:     11121/12096 experts (91.9%)
  Min free VRAM: 1274 MB

Round trip (network) — 50/100/250 tokens via HTTP:
   50 tokens: 112.87 tok/s (3.36s total)
  100 tokens: 73.91 tok/s (4.24s total)
  250 tokens: 59.85 tok/s (7.09s total)
  Best:    112.87 tok/s
================================================================
