[0;36m[1m=>[0m Waiting for selected GPUs (0) to clear...
[0;32m[1mOK[0m Selected GPUs (0) clear.
[0;36m[1m=>[0m Launching from: tests/gemma-4-4-a16.conf
[0;36m[1m=>[0m Run dir: /tmp/krasis-gemma-quality/logs/dev-run_20260715_191024
[0;36m[1m=>[0m Import origin check:
krasis: /tmp/krasis-gemma-quality/python/krasis/__init__.py
krasis.krasis: /tmp/krasis-gemma-quality/python/krasis/krasis.cpython-311-x86_64-linux-gnu.so
Pre-scan: set CUDA_VISIBLE_DEVICES=0
Loaded config from tests/gemma-4-4-a16.conf: {'model_path': '/home/main/.krasis/models/gemma-4-26b-a4b-it', 'selected_gpus': '0', 'num_gpus': 1, 'layer_group_size': 2, 'kv_dtype': 'bf16', 'gpu_expert_bits': 4, 'cpu_expert_bits': 4, 'attention_quant': 'bf16', 'shared_expert_quant': 'int8', 'dense_mlp_quant': 'int8', 'lm_head_quant': 'int8', 'host': '0.0.0.0', 'port': 18012, 'enable_thinking': False}

[1m[36m▸ Krasis — gemma-4-26b-a4b-it[0m
  [32mDecode: GPU  |  HCS: on  |  GPUs: 1[0m
  [32mHCS host cache: source[0m
  [32mSelected physical GPUs: 0 (config; CUDA_VISIBLE_DEVICES=0)[0m
  [32mExperts: GPU INT4 g128 (amax)  |  Attention: bf16  |  KV: bf16[0m
  [32mLayer groups: 2  |  KV cache: 1000 MB  |  Threads: 40[0m
  [2mGPU-only mode: CPU expert weights and CPU decoder skipped[0m
  [33mUNVALIDATED BF16 debug path enabled: attention=BF16. This path likely contains unknown bugs and must not be used as a correctness oracle. Use HF Transformers BF16 reference data for validation; production runs must use quantized configs.[0m

[1m[36m▸ Loading model weights[0m
  [33m[VRAM before-load][0m cuda:0: alloc=0 MB, reserved=0 MB, used=518 MB, free=31600 MB, total=32119 MB

[1m[36m▸ Loading GPU weights[0m
  [33m[VRAM after-phase1-gpu-weights][0m cuda:0: alloc=4853 MB, reserved=4934 MB, used=5550 MB, free=26568 MB, total=32119 MB
  [0;32mAttention resident on GPU (20 MB), 26568 MB free[0m

[1m[36m▸ Building GPU INT4 Marlin expert cache (one-time)[0m
  [2mCache will be saved to /home/main/.krasis/cache/gemma-4-26b-a4b-it for instant loading next time.[0m
    Loading GPU Marlin cache: 30 layers...
    GPU Marlin cache loaded: 12.1 GB in 8s
  [0;32mExpert cache built in 8s — next launch will be much faster.[0m
  [33m[VRAM after-phase2-expert-weights][0m cuda:0: alloc=4853 MB, reserved=4934 MB, used=5550 MB, free=26568 MB, total=32119 MB
  [33m[VRAM after-phase3-prefill-managers][0m cuda:0: alloc=4853 MB, reserved=4934 MB, used=5550 MB, free=26568 MB, total=32119 MB
  [33m[VRAM after-kv-cache-init][0m cuda:0: alloc=5850 MB, reserved=6034 MB, used=6650 MB, free=25468 MB, total=32119 MB
  [33m[VRAM after-full-load][0m cuda:0: alloc=5850 MB, reserved=6034 MB, used=6650 MB, free=25468 MB, total=32119 MB

[1m[36m▸ CUDA runtime warmup[0m
  [32mcuBLAS + Triton kernel compilation done[0m

[1m[36m▸ Setting up GPU decode store[0m
  [32mGPU decode store ready (addr=0x4f16c9d0)[0m
  [32mReleased redundant GPU execution source tensors (41 MB)[0m
  [2mVRAM monitor started (tracking warmup)[0m
  [2mcuda:0: 0 MB total[0m

[1m[36m▸ Pre-allocating Rust prefill engine[0m
[FLA] Loading kernels for H=0 from /tmp/krasis-gemma-quality/python/krasis/libkrasis_fla_sm120.so
  [32mPrefill engine scratch buffers allocated[0m

[1m[36m▸ Warmup (Rust prefill engine)[0m
  [32mRust prefill warmed with 300 tokens before HCS budgeting[0m
  [32mWarmup complete in 1.0s[0m
  [2mcuda:0 warmup:  peak 10,006 MB used / 32,119 MB total  (min free: 22,112 MB)[0m

[1m[36m▸ VRAM calibration[0m
  [32mSafety margin: 600 MB[0m
  [32mFree VRAM after startup: 22,730 MB / 32,119 MB[0m
  [32mShort calibration: probing 500 prompt tokens + 32 decode tokens[0m
  [32mdecode: 32 tokens in 1.51s (21.3 tok/s)  VRAM: 22698 MB free now, 22698 MB min free during decode[0m
  [32mShort calibration: baseline=22,730 MB, prefill post-alloc=22,448 MB, prefill min=22,062 MB, decode min=22,698 MB, post-cleanup=22,698 MB[0m
  [32mAdaptive long calibration: default target=3,632 tokens, target low-water floor=1,200 MB, estimated prefill growth=0.3257 MB/token[0m
  [32mAdaptive long calibration: next probe 3,632 tokens (model-estimated initial probe (projected 0.3257 MB/token, validation floor 2400 MB))[0m
  [32mLong calibration: probing 3,632 prompt tokens + 32 decode tokens[0m
  [32mdecode: 32 tokens in 1.49s (21.4 tok/s)  VRAM: 22700 MB free now, 22700 MB min free during decode[0m
  [32mLong calibration: baseline=22,698 MB, prefill post-alloc=21,432 MB, prefill min=21,046 MB, decode min=22,700 MB, post-cleanup=22,700 MB[0m
  [32mScratch reservation: max=16,424 MB (at 50,000 tokens)[0m

[1m[36m▸ VRAM calibration complete[0m
  [32mPost-calibration free VRAM: 22,700 MB[0m
  [32mTransient deltas: short prefill=668 MB, long prefill=1,652 MB, short decode=32 MB, long decode=0 MB[0m
  [32mGPU0 decode HCS budget: 22,068 MB[0m
  [32mPrefill HCS budgets: short=21,432 MB, long=20,448 MB[0m
  [32mWorst-case prefill scratch reservation: 16,424 MB at 50,000 tokens[0m

[1m[36m▸ Calculating HCS budget[0m

[1m[36m▸ Checking approved route heatmap cache[0m
  [2mNo approved heatmap artifact matches this model/router signature and validated runtime; falling back to quick startup heatmap generation[0m

[1m[36m▸ Building expert heatmap (decode-weighted calibration)[0m
  [2mQuick heatmap prompt 1/6: 36 prefill tokens + 256 decode tokens[0m
  [2mQuick heatmap prompt 1/6 done: 257 route tokens, 12.0s (elapsed 12.0s, eta 60.2s)[0m
  [2mQuick heatmap prompt 2/6: 44 prefill tokens + 256 decode tokens[0m
  [2mQuick heatmap prompt 2/6 done: 257 route tokens, 12.1s (elapsed 24.2s, eta 48.3s)[0m
  [2mQuick heatmap prompt 3/6: 36 prefill tokens + 256 decode tokens[0m
  [2mQuick heatmap prompt 3/6 done: 257 route tokens, 12.0s (elapsed 36.2s, eta 36.2s)[0m
  [2mQuick heatmap prompt 4/6: 30 prefill tokens + 256 decode tokens[0m
  [2mQuick heatmap prompt 4/6 done: 257 route tokens, 12.0s (elapsed 48.2s, eta 24.1s)[0m
  [2mQuick heatmap prompt 5/6: 43 prefill tokens + 256 decode tokens[0m
  [2mQuick heatmap prompt 5/6 done: 257 route tokens, 12.0s (elapsed 60.2s, eta 12.0s)[0m
  [2mQuick heatmap prompt 6/6: 48 prefill tokens + 256 decode tokens[0m
  [2mQuick heatmap prompt 6/6 done: 257 route tokens, 12.1s (elapsed 72.2s, eta 0.0s)[0m
  [32mHeatmap: 3,523 experts ranked from 3,523 entries[0m
  [2mVRAM calibration: baseline 22700 MB | prefill 321.7 KB/tok, decode -10.5 KB/tok | HCS allowance prefill: short 21432 MB, long 20448 MB | decode: short 22068 MB, long 22100 MB | idle floors prefill=1268 MB decode=632 MB | decode-resident HCS budget=22068 MB[0m
  [2mGPU0 HCS: 3840 experts (3523 ranked + 317 unranked), reclaimable: 22,068 MB[0m

[1m[36m▸ Loading GPU0 HCS pool (fully reclaimable)[0m

[1m[36m▸ HCS pool loaded[0m
  [32mHCS pool: 0/3840 experts loaded in 0.00s (0.0% coverage), 0.0 MB VRAM, 0 free slots, gpu_route_sync=false, mapped_reads=false | soft: 3840 experts in 0.56s (11570.6 MB, host_mode=source) | total: 3840/3840 (100.0%) coverage[0m
  [2mLoaded in 0.6s[0m

[1m[36m▸ Decode validation[0m
  [32mSkipped: Rust prefill already warmed before HCS budgeting[0m

[1m[36m▸ VRAM monitor: runtime warnings enabled[0m
  [32mSafety margin: 600 MB — warnings on every new low below this[0m

[1m[32mKRASIS SERVER READY[0m
  [32mModel:[0m    [1mgemma-4-26b-a4b-it[0m
  [32mAddress:[0m  [1m0.0.0.0:18012[0m
  [32mContext:[0m  4,640 tokens  |  KV cache: 1,000 MB
  [32mDecode:[0m   GPU  |  HCS: on  |  Think: off
  [32mClient setup:[0m
    Base URL:      [1mhttp://127.0.0.1:18012/v1[0m
    Chat endpoint: http://127.0.0.1:18012/v1/chat/completions
    Models:        http://127.0.0.1:18012/v1/models
    API key:       [1mX[0m [2m(any value)[0m
    Model name:    [1mgemma-4-26b-a4b-it-vision[0m
                   [2mvision-capable; use this same model for text and images[0m
  [2mPress Q or Ctrl-C to stop[0m

  [32mdecode: 9 tokens in 0.24s (37.1 tok/s)  VRAM: 11080 MB free now, 11080 MB min free during decode[0m
  [36mDynamic HCS: hit=100.00% tail=480/240 protected=3360 promotions=0 evictions=0 request_promotions=0/3600 budget_skips=0 no_slot=0 copy_failures=0[0m
  [32mdecode: 7 tokens in 0.19s (36.9 tok/s)  VRAM: 11082 MB free now, 11082 MB min free during decode[0m
  [36mDynamic HCS: hit=100.00% tail=480/240 protected=3360 promotions=0 evictions=0 request_promotions=0/3600 budget_skips=0 no_slot=0 copy_failures=0[0m
  [32mdecode: 10 tokens in 0.27s (36.4 tok/s)  VRAM: 11084 MB free now, 11084 MB min free during decode[0m
  [36mDynamic HCS: hit=100.00% tail=480/240 protected=3360 promotions=0 evictions=0 request_promotions=0/3600 budget_skips=0 no_slot=0 copy_failures=0[0m
  [32mdecode: 7 tokens in 0.19s (37.0 tok/s)  VRAM: 11082 MB free now, 11082 MB min free during decode[0m
  [36mDynamic HCS: hit=100.00% tail=480/240 protected=3360 promotions=0 evictions=0 request_promotions=0/3600 budget_skips=0 no_slot=0 copy_failures=0[0m
  [32mdecode: 15 tokens in 0.40s (37.2 tok/s)  VRAM: 11084 MB free now, 11084 MB min free during decode[0m
  [36mDynamic HCS: hit=100.00% tail=480/240 protected=3360 promotions=0 evictions=0 request_promotions=0/3600 budget_skips=0 no_slot=0 copy_failures=0[0m
  [32mdecode: 15 tokens in 0.40s (37.4 tok/s)  VRAM: 11082 MB free now, 11082 MB min free during decode[0m
  [36mDynamic HCS: hit=100.00% tail=480/240 protected=3360 promotions=0 evictions=0 request_promotions=0/3600 budget_skips=0 no_slot=0 copy_failures=0[0m
  [32mdecode: 15 tokens in 0.41s (36.6 tok/s)  VRAM: 11084 MB free now, 11084 MB min free during decode[0m
  [36mDynamic HCS: hit=100.00% tail=480/240 protected=3360 promotions=0 evictions=0 request_promotions=0/3600 budget_skips=0 no_slot=0 copy_failures=0[0m
  [32mdecode: 15 tokens in 0.41s (36.7 tok/s)  VRAM: 11082 MB free now, 11082 MB min free during decode[0m
  [36mDynamic HCS: hit=100.00% tail=480/240 protected=3360 promotions=0 evictions=0 request_promotions=0/3600 budget_skips=0 no_slot=0 copy_failures=0[0m
  [32mdecode: 15 tokens in 0.40s (37.2 tok/s)  VRAM: 11082 MB free now, 11082 MB min free during decode[0m
  [36mDynamic HCS: hit=100.00% tail=480/240 protected=3360 promotions=0 evictions=0 request_promotions=0/3600 budget_skips=0 no_slot=0 copy_failures=0[0m
  [32mdecode: 15 tokens in 0.41s (36.9 tok/s)  VRAM: 11084 MB free now, 11084 MB min free during decode[0m
  [36mDynamic HCS: hit=100.00% tail=480/240 protected=3360 promotions=0 evictions=0 request_promotions=0/3600 budget_skips=0 no_slot=0 copy_failures=0[0m
  [32mdecode: 15 tokens in 0.41s (36.4 tok/s)  VRAM: 11082 MB free now, 11082 MB min free during decode[0m
  [36mDynamic HCS: hit=100.00% tail=480/240 protected=3360 promotions=0 evictions=0 request_promotions=0/3600 budget_skips=0 no_slot=0 copy_failures=0[0m
  [32mdecode: 15 tokens in 0.40s (37.2 tok/s)  VRAM: 11084 MB free now, 11084 MB min free during decode[0m
  [36mDynamic HCS: hit=100.00% tail=480/240 protected=3360 promotions=0 evictions=0 request_promotions=0/3600 budget_skips=0 no_slot=0 copy_failures=0[0m
  [32mdecode: 15 tokens in 0.41s (36.3 tok/s)  VRAM: 11082 MB free now, 11082 MB min free during decode[0m
  [36mDynamic HCS: hit=100.00% tail=480/240 protected=3360 promotions=0 evictions=0 request_promotions=0/3600 budget_skips=0 no_slot=0 copy_failures=0[0m
  [32mdecode: 15 tokens in 0.41s (36.9 tok/s)  VRAM: 11082 MB free now, 11082 MB min free during decode[0m
  [36mDynamic HCS: hit=100.00% tail=480/240 protected=3360 promotions=0 evictions=0 request_promotions=0/3600 budget_skips=0 no_slot=0 copy_failures=0[0m
