Krasis Rust Prefill Perplexity
==================================================
Config:      tests/nemotron-nano-4-4-hqq4-k4v4-a16.conf
Model:       /home/main/.krasis/models/NVIDIA-Nemotron-3-Nano-30B-A3B-BF16
Dataset:     wikitext-2
Port:        18012
Attention:   hqq4
KV dtype:    k4v4
Window:      2048, stride=1024
Max tokens:  20000

  Loading dataset...
  Tokenizing...
  Tokens: 20,000
  [  5.0%] Window 1/20 | scored 2047 this, 2047/20000 total | PPL=42969.9452 | 415 tok/s
  [ 10.0%] Window 2/20 | scored 1024 this, 3071/20000 total | PPL=31921.9954 | 311 tok/s
  [ 15.0%] Window 3/20 | scored 1024 this, 4095/20000 total | PPL=30024.2706 | 277 tok/s
  [ 20.0%] Window 4/20 | scored 1024 this, 5119/20000 total | PPL=29272.4264 | 260 tok/s
  [ 25.0%] Window 5/20 | scored 1024 this, 6143/20000 total | PPL=29657.4021 | 249 tok/s
  [ 30.0%] Window 6/20 | scored 1024 this, 7167/20000 total | PPL=32519.7213 | 241 tok/s
  [ 35.0%] Window 7/20 | scored 1024 this, 8191/20000 total | PPL=34221.0569 | 234 tok/s
  [ 40.0%] Window 8/20 | scored 1024 this, 9215/20000 total | PPL=35005.0920 | 230 tok/s
  [ 45.0%] Window 9/20 | scored 1024 this, 10239/20000 total | PPL=36529.2006 | 226 tok/s
  [ 50.0%] Window 10/20 | scored 1024 this, 11263/20000 total | PPL=36733.5858 | 225 tok/s
  [ 55.0%] Window 11/20 | scored 1024 this, 12287/20000 total | PPL=36899.7568 | 223 tok/s
  [ 60.0%] Window 12/20 | scored 1024 this, 13311/20000 total | PPL=37154.0343 | 222 tok/s
  [ 65.0%] Window 13/20 | scored 1024 this, 14335/20000 total | PPL=37702.9671 | 220 tok/s
  [ 70.0%] Window 14/20 | scored 1024 this, 15359/20000 total | PPL=36924.4403 | 219 tok/s
  [ 75.0%] Window 15/20 | scored 1024 this, 16383/20000 total | PPL=36321.2020 | 219 tok/s
  [ 80.0%] Window 16/20 | scored 1024 this, 17407/20000 total | PPL=35944.1367 | 218 tok/s
  [ 85.0%] Window 17/20 | scored 1024 this, 18431/20000 total | PPL=35789.8560 | 217 tok/s
  [ 90.0%] Window 18/20 | scored 1024 this, 19455/20000 total | PPL=35982.1947 | 217 tok/s
  [ 95.0%] Window 19/20 | scored 544 this, 19999/20000 total | PPL=35918.9461 | 214 tok/s
  [100.0%] Window 20/20 | scored 0 this, 19999/20000 total | PPL=35918.9461 | 210 tok/s

========================================================
  RUST PREFILL PPL COMPLETE - wikitext-2
========================================================
  Perplexity:    35918.9461
  BPC:           15.1325
  Tokens scored: 19,999
  Elapsed:       95.0s (210 tok/s)
  Log:           perplexity/results/NVIDIA-Nemotron-3-Nano-30B-A3B-BF16_wikitext-2_hqq4_k4v4_rust_prefill_20260714_145815.log
========================================================
