================================================================
Krasis Benchmark — 2026-07-21 23:23:54
================================================================
Model:            Step-3.7-Flash
Architecture:     step3p5, 45 layers, 288 experts, top-8, 45 GQA + 0 linear
PP Partition:     [45] (1 GPUs)

Hardware:
  CPU:            AMD EPYC 7742 64-Core Processor (64 cores)
  RAM:            995 GB total, 103.4 GB used by process
  GPU 0 (physical 1): NVIDIA RTX PRO 6000 Blackwell Workstation Edition (97887 MB), 5003 MB allocated

Quantization:
  GPU experts:    INT4 (Marlin)
  CPU experts:    INT4
  Attention:      HQQ4
  Shared expert:  INT8
  Dense MLP:      INT8
  LM head:        INT8
  KV cache:       k4v4

Strategy:
  Layer group size: 2 (layer_grouped(2))
  Prefill threshold: 1
  Mode:           gpu_decode (layer_grouped(2))

Prefill (internal) — 4 runs at different lengths:
  Run 1:  864.0 tok/s (1,000 tokens in 1157.4ms)
  Run 2:  3,229.7 tok/s (5,000 tokens in 1548.1ms)
  Run 3:  4,761.5 tok/s (10,000 tokens in 2100.2ms)
  Run 4:  5,261.0 tok/s (14,473 tokens in 2751.0ms)
  Best:   5,261.0 tok/s (14,473 tokens)

Decode (internal) — 50/100/250 tokens, 3 separate prompts:
   50 tokens: 55.39 tok/s (18.1ms/tok)
  100 tokens: 55.40 tok/s (18.1ms/tok)
  250 tokens: 54.03 tok/s (18.5ms/tok)
  Best:    55.40 tok/s
  HCS:     11121/12096 experts (91.9%)
  Min free VRAM: 1274 MB

Round trip (network) — 50/100/250 tokens via HTTP:
   50 tokens: 112.82 tok/s (3.22s total)
  100 tokens: 73.89 tok/s (4.11s total)
  250 tokens: 59.88 tok/s (6.94s total)
  Best:    112.82 tok/s
================================================================
