================================================================
Krasis Benchmark — 2026-07-31 21:25:38
================================================================
Model:            Ornith-1.0-397B
Architecture:     qwen3_5_moe_text, 60 layers, 512 experts, top-10, 15 GQA + 45 linear
PP Partition:     [60] (1 GPUs)

Hardware:
  CPU:            AMD EPYC 7742 64-Core Processor (64 cores)
  RAM:            995 GB total, 201.7 GB used by process
  GPU 0 (physical 1): NVIDIA RTX PRO 6000 Blackwell Workstation Edition (97887 MB), 6592 MB allocated

Quantization:
  GPU experts:    INT4 (Marlin)
  CPU experts:    INT4
  Attention:      HQQ4
  Shared expert:  INT8
  Dense MLP:      INT8
  LM head:        INT8
  KV cache:       k4v4

Strategy:
  Layer group size: 2 (layer_grouped(2))
  Prefill threshold: 1
  Mode:           gpu_decode (layer_grouped(2))

Prefill (internal) — 6 runs at different lengths:
  Run 1:  184.5 tok/s (1,000 tokens in 5419.5ms)
  Run 2:  776.6 tok/s (5,000 tokens in 6438.0ms)
  Run 3:  1,309.7 tok/s (10,000 tokens in 7635.4ms)
  Run 4:  1,850.8 tok/s (20,000 tokens in 10805.9ms)
  Run 5:  2,259.7 tok/s (35,000 tokens in 15489.1ms)
  Run 6:  2,330.7 tok/s (39,920 tokens in 17128.0ms)
  Best:   2,330.7 tok/s (39,920 tokens)

Decode (internal) — 50/100/250 tokens, 3 separate prompts:
   50 tokens: 26.23 tok/s (38.1ms/tok)
  100 tokens: 24.16 tok/s (41.4ms/tok)
  250 tokens: 22.27 tok/s (44.9ms/tok)
  Best:    26.23 tok/s
  HCS:     13161/30720 experts (42.8%)
  Min free VRAM: 1314 MB

Round trip (network) — 50/100/250 tokens via HTTP:
   50 tokens: 44.61 tok/s (7.57s total)
  100 tokens: 30.27 tok/s (9.94s total)
  250 tokens: 24.19 tok/s (17.12s total)
  Best:    44.61 tok/s
================================================================
