================================================================
Krasis Benchmark — 2026-07-31 05:45:25
================================================================
Model:            GLM-5.2
Architecture:     glm_moe_dsa, 78 layers, 256 experts, top-8
PP Partition:     [78] (1 GPUs)

Hardware:
  CPU:            AMD EPYC 7742 64-Core Processor (64 cores)
  RAM:            995 GB total, 648.5 GB used by process
  GPU 0 (physical 1): NVIDIA RTX PRO 6000 Blackwell Workstation Edition (97887 MB), 11255 MB allocated

Quantization:
  GPU experts:    INT4 (Marlin)
  CPU experts:    INT4
  Attention:      HQQ4
  Shared expert:  INT8
  Dense MLP:      INT8
  LM head:        INT8
  KV cache:       k4v4

Strategy:
  Layer group size: 2 (layer_grouped(2))
  Prefill threshold: 1
  Mode:           gpu_decode (layer_grouped(2))

Prefill (internal) — 1 runs at different lengths:
  Run 1:  44.9 tok/s (1,000 tokens in 22292.8ms)
  Best:   44.9 tok/s (1,000 tokens)

Decode (internal) — 50/100/250 tokens, 3 separate prompts:
   50 tokens: 6.15 tok/s (162.7ms/tok)
  100 tokens: 6.25 tok/s (160.1ms/tok)
  250 tokens: 5.94 tok/s (168.3ms/tok)
  Best:    6.25 tok/s
  HCS:     3887/19200 experts (20.2%)
  Min free VRAM: 1178 MB

Round trip (network) — 50/100/250 tokens via HTTP:
   50 tokens: 10.52 tok/s (20.42s total)
  100 tokens: 7.98 tok/s (28.63s total)
  250 tokens: 6.57 tok/s (53.74s total)
  Best:    10.52 tok/s
================================================================
