================================================================
Krasis Benchmark — 2026-07-31 19:52:46
================================================================
Model:            Ornith-1.0-397B
Architecture:     qwen3_5_moe_text, 60 layers, 512 experts, top-10, 15 GQA + 45 linear
PP Partition:     [60] (1 GPUs)

Hardware:
  CPU:            AMD EPYC 7742 64-Core Processor (64 cores)
  RAM:            995 GB total, 201.8 GB used by process
  GPU 0 (physical 1): NVIDIA RTX PRO 6000 Blackwell Workstation Edition (97887 MB), 6592 MB allocated

Quantization:
  GPU experts:    INT4 (Marlin)
  CPU experts:    INT4
  Attention:      HQQ4
  Shared expert:  INT8
  Dense MLP:      INT8
  LM head:        INT8
  KV cache:       k4v4

Strategy:
  Layer group size: 2 (layer_grouped(2))
  Prefill threshold: 1
  Mode:           gpu_decode (layer_grouped(2))

Prefill (internal) — 6 runs at different lengths:
  Run 1:  187.5 tok/s (1,000 tokens in 5334.0ms)
  Run 2:  779.1 tok/s (5,000 tokens in 6417.8ms)
  Run 3:  1,316.5 tok/s (10,000 tokens in 7595.7ms)
  Run 4:  1,851.2 tok/s (20,000 tokens in 10803.6ms)
  Run 5:  2,266.5 tok/s (35,000 tokens in 15442.5ms)
  Run 6:  2,323.4 tok/s (39,920 tokens in 17182.0ms)
  Best:   2,323.4 tok/s (39,920 tokens)

Decode (internal) — 50/100/250 tokens, 3 separate prompts:
   50 tokens: 24.72 tok/s (40.5ms/tok)
  100 tokens: 23.10 tok/s (43.3ms/tok)
  250 tokens: 20.62 tok/s (48.5ms/tok)
  Best:    24.72 tok/s
  HCS:     13161/30720 experts (42.8%)
  Min free VRAM: 1332 MB

Round trip (network) — 50/100/250 tokens via HTTP:
   50 tokens: 43.24 tok/s (7.73s total)
  100 tokens: 29.51 tok/s (10.00s total)
  250 tokens: 22.46 tok/s (17.87s total)
  Best:    43.24 tok/s
================================================================
