Krasis Rust Prefill Perplexity
==================================================
Config:      tests/ornith35-stats-hqq6-k6v6.conf
Model:       /home/main/.krasis/models/deepreinforce-ai/Ornith-1.0-35B
Dataset:     wikitext-2
Port:        18204
Attention:   hqq6
KV dtype:    k6v6
Window:      2048, stride=1024
Max tokens:  20000

  Loading dataset...
  Tokenizing...
  Tokens: 20,000
  [  5.0%] Window 1/20 | scored 2047 this, 2047/20000 total | PPL=4.9904 | 239 tok/s
  [ 10.0%] Window 2/20 | scored 1024 this, 3071/20000 total | PPL=5.5309 | 180 tok/s
  [ 15.0%] Window 3/20 | scored 1024 this, 4095/20000 total | PPL=6.0598 | 160 tok/s
  [ 20.0%] Window 4/20 | scored 1024 this, 5119/20000 total | PPL=6.7840 | 150 tok/s
  [ 25.0%] Window 5/20 | scored 1024 this, 6143/20000 total | PPL=6.9120 | 143 tok/s
  [ 30.0%] Window 6/20 | scored 1024 this, 7167/20000 total | PPL=7.1961 | 138 tok/s
  [ 35.0%] Window 7/20 | scored 1024 this, 8191/20000 total | PPL=7.1785 | 134 tok/s
  [ 40.0%] Window 8/20 | scored 1024 this, 9215/20000 total | PPL=6.8204 | 131 tok/s
  [ 45.0%] Window 9/20 | scored 1024 this, 10239/20000 total | PPL=6.8159 | 129 tok/s
  [ 50.0%] Window 10/20 | scored 1024 this, 11263/20000 total | PPL=6.6066 | 127 tok/s
  [ 55.0%] Window 11/20 | scored 1024 this, 12287/20000 total | PPL=6.1518 | 125 tok/s
  [ 60.0%] Window 12/20 | scored 1024 this, 13311/20000 total | PPL=5.7943 | 124 tok/s
  [ 65.0%] Window 13/20 | scored 1024 this, 14335/20000 total | PPL=5.5024 | 123 tok/s
  [ 70.0%] Window 14/20 | scored 1024 this, 15359/20000 total | PPL=5.4655 | 123 tok/s
  [ 75.0%] Window 15/20 | scored 1024 this, 16383/20000 total | PPL=5.4534 | 122 tok/s
  [ 80.0%] Window 16/20 | scored 1024 this, 17407/20000 total | PPL=5.4564 | 122 tok/s
  [ 85.0%] Window 17/20 | scored 1024 this, 18431/20000 total | PPL=5.6117 | 121 tok/s
  [ 90.0%] Window 18/20 | scored 1024 this, 19455/20000 total | PPL=5.6930 | 121 tok/s
  [ 95.0%] Window 19/20 | scored 544 this, 19999/20000 total | PPL=5.7069 | 119 tok/s
  [100.0%] Window 20/20 | scored 0 this, 19999/20000 total | PPL=5.7069 | 117 tok/s

========================================================
  RUST PREFILL PPL COMPLETE - wikitext-2
========================================================
  Perplexity:    5.7069
  BPC:           2.5127
  Tokens scored: 19,999
  Elapsed:       170.5s (117 tok/s)
  Log:           perplexity/results/Ornith-1.0-35B_wikitext-2_rust_prefill_hqq6_k6v6_20260716_174352.log
========================================================
	Command being timed: "./dev quality-ppl tests/ornith35-stats-hqq6-k6v6.conf --max-tokens 20000"
	User time (seconds): 11.24
	System time (seconds): 1.02
	Percent of CPU this job got: 7%
	Elapsed (wall clock) time (h:mm:ss or m:ss): 2:55.00
	Average shared text size (kbytes): 0
	Average unshared data size (kbytes): 0
	Average stack size (kbytes): 0
	Average total size (kbytes): 0
	Maximum resident set size (kbytes): 943584
	Average resident set size (kbytes): 0
	Major (requiring I/O) page faults: 0
	Minor (reclaiming a frame) page faults: 240023
	Voluntary context switches: 230
	Involuntary context switches: 266
	Swaps: 0
	File system inputs: 0
	File system outputs: 328
	Socket messages sent: 0
	Socket messages received: 0
	Signals delivered: 0
	Page size (bytes): 4096
	Exit status: 0
