================================================================
Krasis Benchmark — 2026-07-31 20:36:24
================================================================
Model:            Ornith-1.0-397B
Architecture:     qwen3_5_moe_text, 60 layers, 512 experts, top-10, 15 GQA + 45 linear
PP Partition:     [60] (1 GPUs)

Hardware:
  CPU:            AMD EPYC 7742 64-Core Processor (64 cores)
  RAM:            995 GB total, 201.8 GB used by process
  GPU 0 (physical 1): NVIDIA RTX PRO 6000 Blackwell Workstation Edition (97887 MB), 6592 MB allocated

Quantization:
  GPU experts:    INT4 (Marlin)
  CPU experts:    INT4
  Attention:      HQQ4
  Shared expert:  INT8
  Dense MLP:      INT8
  LM head:        INT8
  KV cache:       k4v4

Strategy:
  Layer group size: 2 (layer_grouped(2))
  Prefill threshold: 1
  Mode:           gpu_decode (layer_grouped(2))

Prefill (internal) — 6 runs at different lengths:
  Run 1:  186.6 tok/s (1,000 tokens in 5357.6ms)
  Run 2:  773.3 tok/s (5,000 tokens in 6465.6ms)
  Run 3:  1,319.7 tok/s (10,000 tokens in 7577.3ms)
  Run 4:  1,844.2 tok/s (20,000 tokens in 10844.7ms)
  Run 5:  2,248.5 tok/s (35,000 tokens in 15565.7ms)
  Run 6:  2,336.2 tok/s (39,920 tokens in 17087.7ms)
  Best:   2,336.2 tok/s (39,920 tokens)

Decode (internal) — 50/100/250 tokens, 3 separate prompts:
   50 tokens: 24.27 tok/s (41.2ms/tok)
  100 tokens: 22.02 tok/s (45.4ms/tok)
  250 tokens: 20.98 tok/s (47.7ms/tok)
  Best:    24.27 tok/s
  HCS:     13161/30720 experts (42.8%)
  Min free VRAM: 1294 MB

Round trip (network) — 50/100/250 tokens via HTTP:
   50 tokens: 43.16 tok/s (7.83s total)
  100 tokens: 27.69 tok/s (10.33s total)
  250 tokens: 22.68 tok/s (17.86s total)
  Best:    43.16 tok/s
================================================================
