================================================================
Krasis Benchmark — 2026-07-30 18:39:13
================================================================
Model:            GLM-5.2
Architecture:     glm_moe_dsa, 78 layers, 256 experts, top-8
PP Partition:     [78] (1 GPUs)

Hardware:
  CPU:            AMD EPYC 7742 64-Core Processor (64 cores)
  RAM:            995 GB total, 371.1 GB used by process
  GPU 0 (physical 1): NVIDIA RTX PRO 6000 Blackwell Workstation Edition (97887 MB), 11255 MB allocated

Quantization:
  GPU experts:    INT4 (Marlin)
  CPU experts:    INT4
  Attention:      HQQ4
  Shared expert:  INT8
  Dense MLP:      INT8
  LM head:        INT8
  KV cache:       k4v4

Strategy:
  Layer group size: 2 (layer_grouped(2))
  Prefill threshold: 1
  Mode:           gpu_decode (layer_grouped(2))

Prefill (internal) — 1 runs at different lengths:
  Run 1:  43.6 tok/s (1,000 tokens in 22935.3ms)
  Best:   43.6 tok/s (1,000 tokens)

Decode (internal) — 50/100/250 tokens, 3 separate prompts:
   50 tokens: 5.45 tok/s (183.5ms/tok)
  100 tokens: 5.41 tok/s (184.9ms/tok)
  250 tokens: 5.31 tok/s (188.4ms/tok)
  Best:    5.45 tok/s
  HCS:     3874/19200 experts (20.2%)
  Min free VRAM: 1260 MB

Round trip (network) — 50/100/250 tokens via HTTP:
   50 tokens: 8.97 tok/s (22.08s total)
  100 tokens: 6.82 tok/s (31.47s total)
  250 tokens: 5.71 tok/s (60.33s total)
  Best:    8.97 tok/s
================================================================
