================================================================
Krasis Benchmark — 2026-07-30 15:05:04
================================================================
Model:            GLM-5.2
Architecture:     glm_moe_dsa, 78 layers, 256 experts, top-8
PP Partition:     [78] (1 GPUs)

Hardware:
  CPU:            AMD EPYC 7742 64-Core Processor (64 cores)
  RAM:            995 GB total, 648.5 GB used by process
  GPU 0 (physical 1): NVIDIA RTX PRO 6000 Blackwell Workstation Edition (97887 MB), 11255 MB allocated

Quantization:
  GPU experts:    INT4 (Marlin)
  CPU experts:    INT4
  Attention:      HQQ4
  Shared expert:  INT8
  Dense MLP:      INT8
  LM head:        INT8
  KV cache:       k4v4

Strategy:
  Layer group size: 2 (layer_grouped(2))
  Prefill threshold: 1
  Mode:           gpu_decode (layer_grouped(2))

Prefill (internal) — 1 runs at different lengths:
  Run 1:  44.7 tok/s (1,000 tokens in 22381.0ms)
  Best:   44.7 tok/s (1,000 tokens)

Decode (internal) — 50/100/250 tokens, 3 separate prompts:
   50 tokens: 6.21 tok/s (160.9ms/tok)
  100 tokens: 6.26 tok/s (159.8ms/tok)
  250 tokens: 6.07 tok/s (164.9ms/tok)
  Best:    6.26 tok/s
  HCS:     3887/19200 experts (20.2%)
  Min free VRAM: 1178 MB

Round trip (network) — 50/100/250 tokens via HTTP:
   50 tokens: 10.73 tok/s (20.43s total)
  100 tokens: 7.71 tok/s (29.24s total)
  250 tokens: 6.49 tok/s (54.40s total)
  Best:    10.73 tok/s
================================================================
