================================================================
Krasis Benchmark — 2026-07-21 11:18:44
================================================================
Model:            Ornith-1.0-397B
Architecture:     qwen3_5_moe_text, 60 layers, 512 experts, top-10, 15 GQA + 45 linear
PP Partition:     [60] (1 GPUs)

Hardware:
  CPU:            AMD EPYC 7742 64-Core Processor (64 cores)
  RAM:            1007 GB total, 201.7 GB used by process
  GPU 0:           NVIDIA GeForce RTX 5090 (32607 MB), 6592 MB allocated

Quantization:
  GPU experts:    INT4 (Marlin)
  CPU experts:    INT4
  Attention:      HQQ4
  Shared expert:  INT8
  Dense MLP:      INT8
  LM head:        INT8
  KV cache:       k4v4

Strategy:
  Layer group size: 2 (layer_grouped(2))
  Prefill threshold: 1
  Mode:           gpu_decode (layer_grouped(2))

Prefill (internal) — 4 runs at different lengths:
  Run 1:  104.7 tok/s (1,000 tokens in 9550.7ms)
  Run 2:  431.1 tok/s (5,000 tokens in 11598.5ms)
  Run 3:  742.6 tok/s (10,000 tokens in 13466.0ms)
  Run 4:  908.9 tok/s (14,023 tokens in 15429.2ms)
  Best:   908.9 tok/s (14,023 tokens)

Decode (internal) — 50/100/250 tokens, 3 separate prompts:
   50 tokens: 10.08 tok/s (99.2ms/tok)
  100 tokens: 9.99 tok/s (100.1ms/tok)
  250 tokens: 9.40 tok/s (106.4ms/tok)
  Best:    10.08 tok/s
  HCS:     2720/30720 experts (8.9%)
  Min free VRAM: 954 MB

Round trip (network) — 50/100/250 tokens via HTTP:
   50 tokens: 17.39 tok/s (8.49s total)
  100 tokens: 12.68 tok/s (13.61s total)
  250 tokens: 10.23 tok/s (30.58s total)
  Best:    17.39 tok/s
================================================================
