================================================================
Krasis Benchmark — 2026-08-08 01:12:27
================================================================
Model:            GLM-5.2
Architecture:     glm_moe_dsa, 78 layers, 256 experts, top-8
PP Partition:     [78] (1 GPUs)

Hardware:
  CPU:            AMD EPYC 7742 64-Core Processor (64 cores)
  RAM:            995 GB total, 671.0 GB used by process
  GPU 0 (physical 1): NVIDIA RTX PRO 6000 Blackwell Workstation Edition (97887 MB), 11255 MB allocated

Quantization:
  GPU experts:    INT4 (Marlin)
  CPU experts:    INT4
  Attention:      HQQ4
  Shared expert:  INT8
  Dense MLP:      INT8
  LM head:        INT8
  KV cache:       k4v4

Strategy:
  Layer group size: 2 (layer_grouped(2))
  Prefill threshold: 1
  Mode:           gpu_decode (layer_grouped(2))

Prefill (internal) — 2 runs at different lengths:
  Run 1:  44.9 tok/s (1,000 tokens in 22289.5ms)
  Run 2:  44.5 tok/s (3,196 tokens in 71891.5ms)
  Best:   44.9 tok/s (1,000 tokens)

Decode (internal) — 50/100/250 tokens, 3 separate prompts:
   50 tokens: 4.84 tok/s (206.6ms/tok)
  100 tokens: 4.87 tok/s (205.2ms/tok)
  250 tokens: 4.69 tok/s (213.3ms/tok)
  Best:    4.87 tok/s
  HCS:     3848/19200 experts (20.0%)
  Min free VRAM: 1174 MB

Round trip (network) — 50/100/250 tokens via HTTP:
   50 tokens: 8.32 tok/s (21.74s total)
  100 tokens: 6.21 tok/s (32.30s total)
  250 tokens: 5.25 tok/s (63.13s total)
  Best:    8.32 tok/s
================================================================
