================================================================
Krasis Benchmark — 2026-07-31 19:28:02
================================================================
Model:            Ornith-1.0-397B
Architecture:     qwen3_5_moe_text, 60 layers, 512 experts, top-10, 15 GQA + 45 linear
PP Partition:     [60] (1 GPUs)

Hardware:
  CPU:            AMD EPYC 7742 64-Core Processor (64 cores)
  RAM:            995 GB total, 201.7 GB used by process
  GPU 0 (physical 1): NVIDIA RTX PRO 6000 Blackwell Workstation Edition (97887 MB), 6592 MB allocated

Quantization:
  GPU experts:    INT4 (Marlin)
  CPU experts:    INT4
  Attention:      HQQ4
  Shared expert:  INT8
  Dense MLP:      INT8
  LM head:        INT8
  KV cache:       k4v4

Strategy:
  Layer group size: 2 (layer_grouped(2))
  Prefill threshold: 1
  Mode:           gpu_decode (layer_grouped(2))

Prefill (internal) — 6 runs at different lengths:
  Run 1:  184.7 tok/s (1,000 tokens in 5414.3ms)
  Run 2:  775.9 tok/s (5,000 tokens in 6444.5ms)
  Run 3:  1,308.3 tok/s (10,000 tokens in 7643.3ms)
  Run 4:  1,850.2 tok/s (20,000 tokens in 10809.4ms)
  Run 5:  2,245.4 tok/s (35,000 tokens in 15587.1ms)
  Run 6:  2,322.3 tok/s (39,920 tokens in 17189.9ms)
  Best:   2,322.3 tok/s (39,920 tokens)

Decode (internal) — 50/100/250 tokens, 3 separate prompts:
   50 tokens: 25.89 tok/s (38.6ms/tok)
  100 tokens: 23.53 tok/s (42.5ms/tok)
  250 tokens: 22.09 tok/s (45.3ms/tok)
  Best:    25.89 tok/s
  HCS:     13161/30720 experts (42.8%)
  Min free VRAM: 1314 MB

Round trip (network) — 50/100/250 tokens via HTTP:
   50 tokens: 46.11 tok/s (7.61s total)
  100 tokens: 29.16 tok/s (10.04s total)
  250 tokens: 24.18 tok/s (17.08s total)
  Best:    46.11 tok/s
================================================================
