Krasis Rust Prefill Perplexity
==================================================
Config:      tests/ornith397-stats-hqq6-k6v6.conf
Model:       /home/main/.krasis/models/deepreinforce-ai/Ornith-1.0-397B
Dataset:     wikitext-2
Port:        18214
Attention:   hqq6
KV dtype:    k6v6
Window:      2048, stride=1024
Max tokens:  20000

  Loading dataset...
  Tokenizing...
  Tokens: 20,000
  [  5.0%] Window 1/20 | scored 2047 this, 2047/20000 total | PPL=2.8188 | 90 tok/s
  [ 10.0%] Window 2/20 | scored 1024 this, 3071/20000 total | PPL=2.3890 | 67 tok/s
  [ 15.0%] Window 3/20 | scored 1024 this, 4095/20000 total | PPL=2.2140 | 60 tok/s
  [ 20.0%] Window 4/20 | scored 1024 this, 5119/20000 total | PPL=2.1499 | 56 tok/s
  [ 25.0%] Window 5/20 | scored 1024 this, 6143/20000 total | PPL=2.2652 | 55 tok/s
  [ 30.0%] Window 6/20 | scored 1024 this, 7167/20000 total | PPL=2.4971 | 54 tok/s
  [ 35.0%] Window 7/20 | scored 1024 this, 8191/20000 total | PPL=2.7197 | 53 tok/s
  [ 40.0%] Window 8/20 | scored 1024 this, 9215/20000 total | PPL=2.8187 | 52 tok/s
  [ 45.0%] Window 9/20 | scored 1024 this, 10239/20000 total | PPL=2.9108 | 50 tok/s
  [ 50.0%] Window 10/20 | scored 1024 this, 11263/20000 total | PPL=2.9575 | 48 tok/s
  [ 55.0%] Window 11/20 | scored 1024 this, 12287/20000 total | PPL=2.8620 | 47 tok/s
  [ 60.0%] Window 12/20 | scored 1024 this, 13311/20000 total | PPL=2.7779 | 47 tok/s
  [ 65.0%] Window 13/20 | scored 1024 this, 14335/20000 total | PPL=2.6835 | 46 tok/s
  [ 70.0%] Window 14/20 | scored 1024 this, 15359/20000 total | PPL=2.7297 | 45 tok/s
  [ 75.0%] Window 15/20 | scored 1024 this, 16383/20000 total | PPL=2.7739 | 46 tok/s
  [ 80.0%] Window 16/20 | scored 1024 this, 17407/20000 total | PPL=2.8444 | 46 tok/s
  [ 85.0%] Window 17/20 | scored 1024 this, 18431/20000 total | PPL=2.9743 | 46 tok/s
  [ 90.0%] Window 18/20 | scored 1024 this, 19455/20000 total | PPL=3.0614 | 46 tok/s
  [ 95.0%] Window 19/20 | scored 544 this, 19999/20000 total | PPL=3.1049 | 45 tok/s
  [100.0%] Window 20/20 | scored 0 this, 19999/20000 total | PPL=3.1049 | 44 tok/s

========================================================
  RUST PREFILL PPL COMPLETE - wikitext-2
========================================================
  Perplexity:    3.1049
  BPC:           1.6345
  Tokens scored: 19,999
  Elapsed:       458.4s (44 tok/s)
  Log:           perplexity/results/Ornith-1.0-397B_wikitext-2_rust_prefill_hqq6_k6v6_20260716_231845.log
========================================================
	Command being timed: "./dev quality-ppl tests/ornith397-stats-hqq6-k6v6.conf --max-tokens 20000"
	User time (seconds): 11.28
	System time (seconds): 1.05
	Percent of CPU this job got: 2%
	Elapsed (wall clock) time (h:mm:ss or m:ss): 7:42.96
	Average shared text size (kbytes): 0
	Average unshared data size (kbytes): 0
	Average stack size (kbytes): 0
	Average total size (kbytes): 0
	Maximum resident set size (kbytes): 946104
	Average resident set size (kbytes): 0
	Major (requiring I/O) page faults: 0
	Minor (reclaiming a frame) page faults: 276809
	Voluntary context switches: 240
	Involuntary context switches: 263
	Swaps: 0
	File system inputs: 0
	File system outputs: 296
	Socket messages sent: 0
	Socket messages received: 0
	Signals delivered: 0
	Page size (bytes): 4096
	Exit status: 0
