================================================================
Krasis Benchmark — 2026-07-31 17:33:35
================================================================
Model:            Ornith-1.0-397B
Architecture:     qwen3_5_moe_text, 60 layers, 512 experts, top-10, 15 GQA + 45 linear
PP Partition:     [60] (1 GPUs)

Hardware:
  CPU:            AMD EPYC 7742 64-Core Processor (64 cores)
  RAM:            995 GB total, 201.7 GB used by process
  GPU 0 (physical 1): NVIDIA RTX PRO 6000 Blackwell Workstation Edition (97887 MB), 6592 MB allocated

Quantization:
  GPU experts:    INT4 (Marlin)
  CPU experts:    INT4
  Attention:      HQQ4
  Shared expert:  INT8
  Dense MLP:      INT8
  LM head:        INT8
  KV cache:       k4v4

Strategy:
  Layer group size: 2 (layer_grouped(2))
  Prefill threshold: 1
  Mode:           gpu_decode (layer_grouped(2))

Prefill (internal) — 6 runs at different lengths:
  Run 1:  185.9 tok/s (1,000 tokens in 5379.5ms)
  Run 2:  775.3 tok/s (5,000 tokens in 6449.5ms)
  Run 3:  1,309.5 tok/s (10,000 tokens in 7636.8ms)
  Run 4:  1,855.6 tok/s (20,000 tokens in 10778.3ms)
  Run 5:  2,246.4 tok/s (35,000 tokens in 15580.3ms)
  Run 6:  2,332.3 tok/s (39,920 tokens in 17116.0ms)
  Best:   2,332.3 tok/s (39,920 tokens)

Decode (internal) — 50/100/250 tokens, 3 separate prompts:
   50 tokens: 25.23 tok/s (39.6ms/tok)
  100 tokens: 22.61 tok/s (44.2ms/tok)
  250 tokens: 21.68 tok/s (46.1ms/tok)
  Best:    25.23 tok/s
  HCS:     13161/30720 experts (42.8%)
  Min free VRAM: 1314 MB

Round trip (network) — 50/100/250 tokens via HTTP:
   50 tokens: 44.65 tok/s (7.73s total)
  100 tokens: 28.60 tok/s (10.21s total)
  250 tokens: 23.28 tok/s (17.59s total)
  Best:    44.65 tok/s
================================================================
