================================================================
Krasis Benchmark — 2026-08-07 20:19:23
================================================================
Model:            GLM-5.2
Architecture:     glm_moe_dsa, 78 layers, 256 experts, top-8
PP Partition:     [78] (2 GPUs)

Hardware:
  CPU:            AMD EPYC 7742 64-Core Processor (64 cores)
  RAM:            995 GB total, 665.3 GB used by process
  GPU 0 (physical 1): NVIDIA RTX PRO 6000 Blackwell Workstation Edition (97887 MB), 11255 MB allocated
  GPU 1 (physical 0): NVIDIA RTX A4500 (20470 MB), 0 MB allocated

Quantization:
  GPU experts:    INT4 (Marlin)
  CPU experts:    INT4
  Attention:      HQQ4
  Shared expert:  INT8
  Dense MLP:      INT8
  LM head:        INT8
  KV cache:       k4v4

Strategy:
  Layer group size: 2 (layer_grouped(2))
  Prefill threshold: 1
  Mode:           gpu_decode (layer_grouped(2))

Prefill (internal) — 2 runs at different lengths:
  Run 1:  44.8 tok/s (1,000 tokens in 22326.6ms)
  Run 2:  44.5 tok/s (3,196 tokens in 71852.9ms)
  Best:   44.8 tok/s (1,000 tokens)

Decode (internal) — 50/100/250 tokens, 3 separate prompts:
   50 tokens: 5.32 tok/s (187.9ms/tok)
  100 tokens: 5.38 tok/s (186.0ms/tok)
  250 tokens: 5.25 tok/s (190.4ms/tok)
  Best:    5.38 tok/s
  HCS:     3848/19200 experts (20.0%)
  Min free VRAM: 1172 MB

Round trip (network) — 50/100/250 tokens via HTTP:
   50 tokens: 9.03 tok/s (20.78s total)
  100 tokens: 6.75 tok/s (30.40s total)
  250 tokens: 5.68 tok/s (59.15s total)
  Best:    9.03 tok/s
================================================================
