================================================================
Krasis Benchmark — 2026-07-31 18:46:22
================================================================
Model:            Ornith-1.0-397B
Architecture:     qwen3_5_moe_text, 60 layers, 512 experts, top-10, 15 GQA + 45 linear
PP Partition:     [60] (1 GPUs)

Hardware:
  CPU:            AMD EPYC 7742 64-Core Processor (64 cores)
  RAM:            995 GB total, 201.8 GB used by process
  GPU 0 (physical 1): NVIDIA RTX PRO 6000 Blackwell Workstation Edition (97887 MB), 6592 MB allocated

Quantization:
  GPU experts:    INT4 (Marlin)
  CPU experts:    INT4
  Attention:      HQQ4
  Shared expert:  INT8
  Dense MLP:      INT8
  LM head:        INT8
  KV cache:       k4v4

Strategy:
  Layer group size: 2 (layer_grouped(2))
  Prefill threshold: 1
  Mode:           gpu_decode (layer_grouped(2))

Prefill (internal) — 6 runs at different lengths:
  Run 1:  186.3 tok/s (1,000 tokens in 5367.8ms)
  Run 2:  778.4 tok/s (5,000 tokens in 6423.6ms)
  Run 3:  1,316.4 tok/s (10,000 tokens in 7596.6ms)
  Run 4:  1,867.8 tok/s (20,000 tokens in 10707.6ms)
  Run 5:  2,267.6 tok/s (35,000 tokens in 15434.6ms)
  Run 6:  2,328.4 tok/s (39,920 tokens in 17144.8ms)
  Best:   2,328.4 tok/s (39,920 tokens)

Decode (internal) — 50/100/250 tokens, 3 separate prompts:
   50 tokens: 21.76 tok/s (46.0ms/tok)
  100 tokens: 20.11 tok/s (49.7ms/tok)
  250 tokens: 19.25 tok/s (51.9ms/tok)
  Best:    21.76 tok/s
  HCS:     13161/30720 experts (42.8%)
  Min free VRAM: 1292 MB

Round trip (network) — 50/100/250 tokens via HTTP:
   50 tokens: 38.74 tok/s (8.02s total)
  100 tokens: 25.35 tok/s (10.76s total)
  250 tokens: 20.87 tok/s (18.88s total)
  Best:    38.74 tok/s
================================================================
