================================================================
Krasis Benchmark — 2026-07-31 17:13:13
================================================================
Model:            Ornith-1.0-397B
Architecture:     qwen3_5_moe_text, 60 layers, 512 experts, top-10, 15 GQA + 45 linear
PP Partition:     [60] (1 GPUs)

Hardware:
  CPU:            AMD EPYC 7742 64-Core Processor (64 cores)
  RAM:            995 GB total, 201.8 GB used by process
  GPU 0 (physical 1): NVIDIA RTX PRO 6000 Blackwell Workstation Edition (97887 MB), 6592 MB allocated

Quantization:
  GPU experts:    INT4 (Marlin)
  CPU experts:    INT4
  Attention:      HQQ4
  Shared expert:  INT8
  Dense MLP:      INT8
  LM head:        INT8
  KV cache:       k4v4

Strategy:
  Layer group size: 2 (layer_grouped(2))
  Prefill threshold: 1
  Mode:           gpu_decode (layer_grouped(2))

Prefill (internal) — 6 runs at different lengths:
  Run 1:  185.3 tok/s (1,000 tokens in 5397.8ms)
  Run 2:  776.0 tok/s (5,000 tokens in 6443.5ms)
  Run 3:  1,320.5 tok/s (10,000 tokens in 7572.9ms)
  Run 4:  1,846.4 tok/s (20,000 tokens in 10832.0ms)
  Run 5:  2,246.1 tok/s (35,000 tokens in 15582.4ms)
  Run 6:  2,321.0 tok/s (39,920 tokens in 17199.3ms)
  Best:   2,321.0 tok/s (39,920 tokens)

Decode (internal) — 50/100/250 tokens, 3 separate prompts:
   50 tokens: 22.10 tok/s (45.3ms/tok)
  100 tokens: 20.10 tok/s (49.8ms/tok)
  250 tokens: 19.41 tok/s (51.5ms/tok)
  Best:    22.10 tok/s
  HCS:     13161/30720 experts (42.8%)
  Min free VRAM: 1292 MB

Round trip (network) — 50/100/250 tokens via HTTP:
   50 tokens: 39.09 tok/s (7.97s total)
  100 tokens: 25.32 tok/s (10.71s total)
  250 tokens: 20.84 tok/s (18.87s total)
  Best:    39.09 tok/s
================================================================
