================================================================
Krasis Benchmark — 2026-07-15 02:31:52
================================================================
Model:            gemma-4-26b-a4b-it
Architecture:     gemma4_text, 30 layers, 128 experts, top-8, 30 GQA + 0 linear
PP Partition:     [30] (1 GPUs)

Hardware:
  CPU:            AMD EPYC 7742 64-Core Processor (64 cores)
  RAM:            1007 GB total, 16.1 GB used by process
  GPU 0:           NVIDIA GeForce RTX 5090 (32607 MB), 6141 MB allocated

Quantization:
  GPU experts:    INT4 (Marlin)
  CPU experts:    INT4
  Attention:      HQQ6
  Shared expert:  INT8
  Dense MLP:      INT8
  LM head:        INT8
  KV cache:       k6v6

Strategy:
  Layer group size: 2 (layer_grouped(2))
  Prefill threshold: 1
  Mode:           gpu_decode (layer_grouped(2))

Prefill (internal) — 3 runs at different lengths:
  Run 1:  1,561.6 tok/s (1,000 tokens in 640.4ms)
  Run 2:  1,610.0 tok/s (4,999 tokens in 3105.0ms)
  Run 3:  1,115.0 tok/s (8,419 tokens in 7550.5ms)
  Best:   1,610.0 tok/s (4,999 tokens)

Decode (internal) — 50/100/250 tokens, 3 separate prompts:
   50 tokens: 62.16 tok/s (16.1ms/tok)
  100 tokens: 61.16 tok/s (16.4ms/tok)
  250 tokens: 60.99 tok/s (16.4ms/tok)
  Best:    62.16 tok/s
  HCS:     3840/3840 experts (100.0%)
  Min free VRAM: 11788 MB

Round trip (network) — 50/100/250 tokens via HTTP:
   50 tokens: 114.42 tok/s (1.24s total)
  100 tokens: 80.25 tok/s (2.05s total)
  250 tokens: 65.73 tok/s (4.59s total)
  Best:    114.42 tok/s
================================================================
