Krasis Chat-Continuation Perplexity
==================================================
Config:       tests/gemma-4-4-a16.conf
Model:        /home/main/.krasis/models/gemma-4-26b-a4b-it
Prompt suite: quality-chat-v1
Port:         18012
Attention:    bf16
KV dtype:     bf16
Max new toks: 16

  Building chat-continuation reference...
    reference 01/14: 14 prompt tokens + 10 continuation tokens
    reference 02/14: 19 prompt tokens + 8 continuation tokens
    reference 03/14: 17 prompt tokens + 11 continuation tokens
    reference 04/14: 20 prompt tokens + 8 continuation tokens
    reference 05/14: 20 prompt tokens + 16 continuation tokens
    reference 06/14: 20 prompt tokens + 16 continuation tokens
    reference 07/14: 22 prompt tokens + 16 continuation tokens
    reference 08/14: 24 prompt tokens + 16 continuation tokens
    reference 09/14: 20 prompt tokens + 16 continuation tokens
    reference 10/14: 51 prompt tokens + 16 continuation tokens
    reference 11/14: 20 prompt tokens + 16 continuation tokens
    reference 12/14: 20 prompt tokens + 16 continuation tokens
    reference 13/14: 19 prompt tokens + 16 continuation tokens
    reference 14/14: 21 prompt tokens + 16 continuation tokens
  Wrote reference: benchmarks/20260715_gemma_chat_continuation_bf16_reference.json

  Scoring chat continuations...
  Case 01/14 | scored  10 | PPL=1.0000 | top1=10/10 | running=1.0000
  Case 02/14 | scored   8 | PPL=1.0004 | top1=8/8 | running=1.0002
  Case 03/14 | scored  11 | PPL=1.1451 | top1=10/11 | running=1.0529
  Case 04/14 | scored   8 | PPL=1.0000 | top1=8/8 | running=1.0412
  Case 05/14 | scored  16 | PPL=1.0949 | top1=16/16 | running=1.0571
  Case 06/14 | scored  16 | PPL=1.1961 | top1=16/16 | running=1.0878
  Case 07/14 | scored  16 | PPL=1.0031 | top1=16/16 | running=1.0714
  Case 08/14 | scored  16 | PPL=1.0041 | top1=16/16 | running=1.0604
  Case 09/14 | scored  16 | PPL=1.0327 | top1=16/16 | running=1.0566
  Case 10/14 | scored  16 | PPL=1.1428 | top1=16/16 | running=1.0666
  Case 11/14 | scored  16 | PPL=1.0212 | top1=16/16 | running=1.0616
  Case 12/14 | scored  16 | PPL=1.1563 | top1=16/16 | running=1.0705
  Case 13/14 | scored  16 | PPL=1.1491 | top1=16/16 | running=1.0772
  Case 14/14 | scored  16 | PPL=1.0427 | top1=16/16 | running=1.0743

========================================================
  CHAT-CONTINUATION PPL COMPLETE - quality-chat-v1
========================================================
  Perplexity:    1.0743
  Bits/token:    0.1034
  Tokens scored: 197
  Top-1:         196 / 197
  Top-10:        197 / 197
  Elapsed:       6.5s (30 tok/s)
  Log:           perplexity/results/gemma-4-26b-a4b-it_quality-chat-v1_chat_continuation_bf16_bf16_20260715_191431.log
========================================================
	Command being timed: "./dev quality-ppl tests/gemma-4-4-a16.conf --mode chat-continuation --write-reference-json benchmarks/20260715_gemma_chat_continuation_bf16_reference.json --max-new-tokens 16"
	User time (seconds): 12.20
	System time (seconds): 1.49
	Percent of CPU this job got: 70%
	Elapsed (wall clock) time (h:mm:ss or m:ss): 0:19.41
	Average shared text size (kbytes): 0
	Average unshared data size (kbytes): 0
	Average stack size (kbytes): 0
	Average total size (kbytes): 0
	Maximum resident set size (kbytes): 1228860
	Average resident set size (kbytes): 0
	Major (requiring I/O) page faults: 0
	Minor (reclaiming a frame) page faults: 445765
	Voluntary context switches: 429
	Involuntary context switches: 305
	Swaps: 0
	File system inputs: 0
	File system outputs: 328
	Socket messages sent: 0
	Socket messages received: 0
	Signals delivered: 0
	Page size (bytes): 4096
	Exit status: 0
