================================================================
Krasis Benchmark — 2026-08-31 03:41:03
================================================================
Model:            GLM-5.3-Flash
Architecture:     glm5_next_text, 45 layers, 288 experts, top-8, 11 GQA + 34 linear
PP Partition:     [45] (1 GPUs)

Hardware:
  CPU:            AMD EPYC 7742 64-Core Processor (64 cores)
  RAM:            995 GB total, 162.4 GB used by process
  GPU 0 (physical 1): NVIDIA RTX PRO 6000 Blackwell Workstation Edition (97887 MB), 5883 MB allocated

Quantization:
  GPU experts:    INT4 (Marlin)
  CPU experts:    INT4
  Attention:      HQQ6
  Shared expert:  INT8
  Dense MLP:      INT8
  LM head:        INT8
  KV cache:       k6v6

Strategy:
  Layer group size: 1 (layer_grouped(1))
  Prefill threshold: 1
  Mode:           gpu_decode (layer_grouped(1))

Prefill (internal) — 6 runs at different lengths:
  Run 1:  119.5 tok/s (1,000 tokens in 8371.3ms)
  Run 2:  516.3 tok/s (5,000 tokens in 9684.8ms)
  Run 3:  847.7 tok/s (10,000 tokens in 11796.3ms)
  Run 4:  1,229.4 tok/s (20,000 tokens in 16268.3ms)
  Run 5:  1,453.3 tok/s (35,000 tokens in 24082.3ms)
  Run 6:  1,509.0 tok/s (39,920 tokens in 26453.8ms)
  Best:   1,509.0 tok/s (39,920 tokens)

Decode (internal) — 50/100/250 tokens, 3 separate prompts:
   50 tokens: 21.79 tok/s (45.9ms/tok)
  100 tokens: 25.14 tok/s (39.8ms/tok)
  250 tokens: 23.81 tok/s (42.0ms/tok)
  Best:    25.14 tok/s
  HCS:     6540/12096 experts (54.1%)
  Min free VRAM: 1277 MB

Round trip (network) — 50/100/250 tokens via HTTP:
   50 tokens: 32.93 tok/s (10.73s total)
  100 tokens: 31.47 tok/s (13.50s total)
  250 tokens: 25.72 tok/s (20.01s total)
  Best:    32.93 tok/s
================================================================
