================================================================
Krasis Benchmark — 2026-07-31 02:56:32
================================================================
Model:            GLM-5.2
Architecture:     glm_moe_dsa, 78 layers, 256 experts, top-8
PP Partition:     [78] (1 GPUs)

Hardware:
  CPU:            AMD EPYC 7742 64-Core Processor (64 cores)
  RAM:            995 GB total, 648.5 GB used by process
  GPU 0 (physical 1): NVIDIA RTX PRO 6000 Blackwell Workstation Edition (97887 MB), 11255 MB allocated

Quantization:
  GPU experts:    INT4 (Marlin)
  CPU experts:    INT4
  Attention:      HQQ4
  Shared expert:  INT8
  Dense MLP:      INT8
  LM head:        INT8
  KV cache:       k4v4

Strategy:
  Layer group size: 2 (layer_grouped(2))
  Prefill threshold: 1
  Mode:           gpu_decode (layer_grouped(2))

Prefill (internal) — 1 runs at different lengths:
  Run 1:  45.0 tok/s (1,000 tokens in 22213.3ms)
  Best:   45.0 tok/s (1,000 tokens)

Decode (internal) — 50/100/250 tokens, 3 separate prompts:
   50 tokens: 6.44 tok/s (155.3ms/tok)
  100 tokens: 6.31 tok/s (158.4ms/tok)
  250 tokens: 6.16 tok/s (162.3ms/tok)
  Best:    6.44 tok/s
  HCS:     3887/19200 experts (20.2%)
  Min free VRAM: 1178 MB

Round trip (network) — 50/100/250 tokens via HTTP:
   50 tokens: 10.60 tok/s (20.45s total)
  100 tokens: 7.96 tok/s (28.71s total)
  250 tokens: 6.58 tok/s (53.87s total)
  Best:    10.60 tok/s
================================================================
